Component: ARM Compiler 5.05 update 1 (build 106) Tool: armlink [4d0efa]

==============================================================================

Section Cross References

    main.o(i.main) refers to delay.o(i.delay_init) for delay_init
    main.o(i.main) refers to misc.o(i.NVIC_PriorityGroupConfig) for NVIC_PriorityGroupConfig
    main.o(i.main) refers to delay.o(i.delay_ms) for delay_ms
    main.o(i.main) refers to os_core.o(i.OSInit) for OSInit
    main.o(i.main) refers to cpu_a.o(.text) for CPU_SR_Save
    main.o(i.main) refers to os_task.o(i.OSTaskCreate) for OSTaskCreate
    main.o(i.main) refers to os_core.o(i.OS_Sched0) for OS_Sched0
    main.o(i.main) refers to os_core.o(i.OSStart) for OSStart
    main.o(i.main) refers to os_var.o(.data) for OSSchedLockNestingCtr
    main.o(i.main) refers to start_task.o(.bss) for START_TASK_STK
    main.o(i.main) refers to start_task.o(i.start_task) for start_task
    main.o(i.main) refers to start_task.o(.bss) for StartTaskTCB
    main.o(i.main) refers to os_var.o(.data) for OSIntQNbrEntries
    system_stm32f10x.o(i.SystemCoreClockUpdate) refers to system_stm32f10x.o(.data) for .data
    system_stm32f10x.o(i.SystemInit) refers to system_stm32f10x.o(i.SetSysClockTo72) for SetSysClockTo72
    startup_stm32f10x_md.o(RESET) refers to startup_stm32f10x_md.o(STACK) for __initial_sp
    startup_stm32f10x_md.o(RESET) refers to startup_stm32f10x_md.o(.text) for Reset_Handler
    startup_stm32f10x_md.o(RESET) refers to stm32f10x_it.o(i.NMI_Handler) for NMI_Handler
    startup_stm32f10x_md.o(RESET) refers to stm32f10x_it.o(i.HardFault_Handler) for HardFault_Handler
    startup_stm32f10x_md.o(RESET) refers to stm32f10x_it.o(i.MemManage_Handler) for MemManage_Handler
    startup_stm32f10x_md.o(RESET) refers to stm32f10x_it.o(i.BusFault_Handler) for BusFault_Handler
    startup_stm32f10x_md.o(RESET) refers to stm32f10x_it.o(i.UsageFault_Handler) for UsageFault_Handler
    startup_stm32f10x_md.o(RESET) refers to stm32f10x_it.o(i.SVC_Handler) for SVC_Handler
    startup_stm32f10x_md.o(RESET) refers to stm32f10x_it.o(i.DebugMon_Handler) for DebugMon_Handler
    startup_stm32f10x_md.o(RESET) refers to os_cpu_a.o(CODE) for PendSV_Handler
    startup_stm32f10x_md.o(RESET) refers to delay.o(i.SysTick_Handler) for SysTick_Handler
    startup_stm32f10x_md.o(RESET) refers to remote.o(i.TIM2_IRQHandler) for TIM2_IRQHandler
    startup_stm32f10x_md.o(RESET) refers to gettime_task.o(i.TIM3_IRQHandler) for TIM3_IRQHandler
    startup_stm32f10x_md.o(RESET) refers to isd4004.o(i.TIM4_IRQHandler) for TIM4_IRQHandler
    startup_stm32f10x_md.o(RESET) refers to usart.o(i.USART1_IRQHandler) for USART1_IRQHandler
    startup_stm32f10x_md.o(RESET) refers to gps_usart2.o(i.USART2_IRQHandler) for USART2_IRQHandler
    startup_stm32f10x_md.o(.text) refers to system_stm32f10x.o(i.SystemInit) for SystemInit
    startup_stm32f10x_md.o(.text) refers to entry.o(.ARM.Collect$$$$00000000) for __main
    delay.o(i.SysTick_Handler) refers to os_core.o(i.OSIntEnter) for OSIntEnter
    delay.o(i.SysTick_Handler) refers to os_time.o(i.OSTimeTick) for OSTimeTick
    delay.o(i.SysTick_Handler) refers to os_core.o(i.OSIntExit) for OSIntExit
    delay.o(i.SysTick_Handler) refers to os_var.o(.data) for OSRunning
    delay.o(i.delay_init) refers to misc.o(i.SysTick_CLKSourceConfig) for SysTick_CLKSourceConfig
    delay.o(i.delay_init) refers to system_stm32f10x.o(.data) for SystemCoreClock
    delay.o(i.delay_init) refers to delay.o(.data) for .data
    delay.o(i.delay_init) refers to os_cfg_app.o(.constdata) for OSCfg_TickRate_Hz
    delay.o(i.delay_ms) refers to delay.o(i.delay_ostimedly) for delay_ostimedly
    delay.o(i.delay_ms) refers to delay.o(i.delay_us) for delay_us
    delay.o(i.delay_ms) refers to os_var.o(.data) for OSRunning
    delay.o(i.delay_ms) refers to os_var.o(.data) for OSIntNestingCtr
    delay.o(i.delay_ms) refers to delay.o(.data) for .data
    delay.o(i.delay_osschedlock) refers to os_core.o(i.OSSchedLock) for OSSchedLock
    delay.o(i.delay_osschedunlock) refers to os_core.o(i.OSSchedUnlock) for OSSchedUnlock
    delay.o(i.delay_ostimedly) refers to os_time.o(i.OSTimeDly) for OSTimeDly
    delay.o(i.delay_us) refers to os_core.o(i.OSSchedLock) for OSSchedLock
    delay.o(i.delay_us) refers to os_core.o(i.OSSchedUnlock) for OSSchedUnlock
    delay.o(i.delay_us) refers to delay.o(.data) for .data
    usart.o(i.USART1_IRQHandler) refers to os_core.o(i.OSIntEnter) for OSIntEnter
    usart.o(i.USART1_IRQHandler) refers to stm32f10x_usart.o(i.USART_GetITStatus) for USART_GetITStatus
    usart.o(i.USART1_IRQHandler) refers to stm32f10x_usart.o(i.USART_ReceiveData) for USART_ReceiveData
    usart.o(i.USART1_IRQHandler) refers to os_core.o(i.OSIntExit) for OSIntExit
    usart.o(i.USART1_IRQHandler) refers to usart.o(.data) for .data
    usart.o(i.USART1_IRQHandler) refers to usart.o(.bss) for .bss
[...]
    USART_ITConfig                           0x0800961b   Thumb Code    48  stm32f10x_usart.o(i.USART_ITConfig)
    USART_Init                               0x0800964d   Thumb Code   166  stm32f10x_usart.o(i.USART_Init)
    USART_ReceiveData                        0x080096f9   Thumb Code     8  stm32f10x_usart.o(i.USART_ReceiveData)
    UsageFault_Handler                       0x08009701   Thumb Code     2  stm32f10x_it.o(i.UsageFault_Handler)
    __0printf                                0x08009705   Thumb Code    22  printfa.o(i.__0printf)
    __1printf                                0x08009705   Thumb Code     0  printfa.o(i.__0printf)
    __2printf                                0x08009705   Thumb Code     0  printfa.o(i.__0printf)
    __c89printf                              0x08009705   Thumb Code     0  printfa.o(i.__0printf)
    printf                                   0x08009705   Thumb Code     0  printfa.o(i.__0printf)
    __0sprintf                               0x08009725   Thumb Code    34  printfa.o(i.__0sprintf)
    __1sprintf                               0x08009725   Thumb Code     0  printfa.o(i.__0sprintf)
    __2sprintf                               0x08009725   Thumb Code     0  printfa.o(i.__0sprintf)
    __c89sprintf                             0x08009725   Thumb Code     0  printfa.o(i.__0sprintf)
    sprintf                                  0x08009725   Thumb Code     0  printfa.o(i.__0sprintf)
    __ARM_fpclassify                         0x0800974d   Thumb Code    40  fpclassify.o(i.__ARM_fpclassify)
    __kernel_poly                            0x08009775   Thumb Code   170  poly.o(i.__kernel_poly)
    __mathlib_dbl_infnan                     0x0800981f   Thumb Code     6  dunder.o(i.__mathlib_dbl_infnan)
    __mathlib_dbl_infnan2                    0x08009825   Thumb Code     4  dunder.o(i.__mathlib_dbl_infnan2)
    __mathlib_dbl_invalid                    0x08009829   Thumb Code    12  dunder.o(i.__mathlib_dbl_invalid)
    __mathlib_dbl_underflow                  0x08009835   Thumb Code    10  dunder.o(i.__mathlib_dbl_underflow)
    __read_errno                             0x08009845   Thumb Code     6  errno.o(i.__read_errno)
    __scatterload_copy                       0x08009851   Thumb Code    14  handlers.o(i.__scatterload_copy)
    __scatterload_null                       0x0800985f   Thumb Code     2  handlers.o(i.__scatterload_null)
    __scatterload_zeroinit                   0x08009861   Thumb Code    14  handlers.o(i.__scatterload_zeroinit)
    __set_errno                              0x08009871   Thumb Code     6  errno.o(i.__set_errno)
    _is_digit                                0x080099e1   Thumb Code    14  scanf_fp.o(i._is_digit)
    asin                                     0x0800a1a5   Thumb Code   572  asin.o(i.asin)
    atan                                     0x0800a415   Thumb Code   474  atan.o(i.atan)
    atan2                                    0x0800a635   Thumb Code   346  atan2.o(i.atan2)
    atof                                     0x0800a7b5   Thumb Code    42  atof.o(i.atof)
    delay_init                               0x0800a7e1   Thumb Code    76  delay.o(i.delay_init)
    delay_ms                                 0x0800a841   Thumb Code    56  delay.o(i.delay_ms)
    delay_ostimedly                          0x0800a885   Thumb Code    12  delay.o(i.delay_ostimedly)
    delay_us                                 0x0800a891   Thumb Code    62  delay.o(i.delay_us)
    dmp_enable_6x_lp_quat                    0x0800a8d5   Thumb Code    58  inv_mpu_dmp_motion_driver.o(i.dmp_enable_6x_lp_quat)
    dmp_enable_feature                       0x0800a911   Thumb Code   468  inv_mpu_dmp_motion_driver.o(i.dmp_enable_feature)
    dmp_enable_gyro_cal                      0x0800aaed   Thumb Code    32  inv_mpu_dmp_motion_driver.o(i.dmp_enable_gyro_cal)
    dmp_enable_lp_quat                       0x0800ab25   Thumb Code    58  inv_mpu_dmp_motion_driver.o(i.dmp_enable_lp_quat)
    dmp_load_motion_driver_firmware          0x0800ab61   Thumb Code    16  inv_mpu_dmp_motion_driver.o(i.dmp_load_motion_driver_firmware)
    dmp_read_fifo                            0x0800ab75   Thumb Code   324  inv_mpu_dmp_motion_driver.o(i.dmp_read_fifo)
    dmp_set_accel_bias                       0x0800acbd   Thumb Code   210  inv_mpu_dmp_motion_driver.o(i.dmp_set_accel_bias)
    dmp_set_fifo_rate                        0x0800ad95   Thumb Code    82  inv_mpu_dmp_motion_driver.o(i.dmp_set_fifo_rate)
    dmp_set_gyro_bias                        0x0800adf9   Thumb Code   196  inv_mpu_dmp_motion_driver.o(i.dmp_set_gyro_bias)
    dmp_set_orientation                      0x0800aec5   Thumb Code   246  inv_mpu_dmp_motion_driver.o(i.dmp_set_orientation)
    dmp_set_shake_reject_thresh              0x0800afd1   Thumb Code    48  inv_mpu_dmp_motion_driver.o(i.dmp_set_shake_reject_thresh)
    dmp_set_shake_reject_time                0x0800b001   Thumb Code    32  inv_mpu_dmp_motion_driver.o(i.dmp_set_shake_reject_time)
    dmp_set_shake_reject_timeout             0x0800b021   Thumb Code    32  inv_mpu_dmp_motion_driver.o(i.dmp_set_shake_reject_timeout)
    dmp_set_tap_axes                         0x0800b041   Thumb Code    64  inv_mpu_dmp_motion_driver.o(i.dmp_set_tap_axes)
    dmp_set_tap_count                        0x0800b081   Thumb Code    34  inv_mpu_dmp_motion_driver.o(i.dmp_set_tap_count)
    dmp_set_tap_thresh                       0x0800b0a5   Thumb Code   274  inv_mpu_dmp_motion_driver.o(i.dmp_set_tap_thresh)
    dmp_set_tap_time                         0x0800b1cd   Thumb Code    32  inv_mpu_dmp_motion_driver.o(i.dmp_set_tap_time)
    dmp_set_tap_time_multi                   0x0800b1ed   Thumb Code    32  inv_mpu_dmp_motion_driver.o(i.dmp_set_tap_time_multi)
    fputc                                    0x0800b20d   Thumb Code    18  usart.o(i.fputc)
    inv_orientation_matrix_to_scalar         0x0800b6b9   Thumb Code    34  inv_mpu.o(i.inv_orientation_matrix_to_scalar)
    inv_row_2_scale                          0x0800b6db   Thumb Code    72  inv_mpu.o(i.inv_row_2_scale)
    main                                     0x0800b725   Thumb Code   132  main.o(i.main)
    mget_ms                                  0x0800b7c9   Thumb Code     2  inv_mpu.o(i.mget_ms)
    mpu_configure_fifo                       0x0800b7cd   Thumb Code    84  inv_mpu.o(i.mpu_configure_fifo)
    mpu_dmp_get_data                         0x0800b825   Thumb Code   390  inv_mpu.o(i.mpu_dmp_get_data)
    mpu_dmp_init                             0x0800b9b1   Thumb Code   158  inv_mpu.o(i.mpu_dmp_init)
    mpu_get_accel_fsr                        0x0800ba55   Thumb Code    54  inv_mpu.o(i.mpu_get_accel_fsr)
    mpu_get_accel_sens                       0x0800ba91   Thumb Code    62  inv_mpu.o(i.mpu_get_accel_sens)
    mpu_get_gyro_fsr                         0x0800bad5   Thumb Code    48  inv_mpu.o(i.mpu_get_gyro_fsr)
    mpu_get_gyro_sens                        0x0800bb09   Thumb Code    44  inv_mpu.o(i.mpu_get_gyro_sens)
    mpu_get_lpf                              0x0800bb49   Thumb Code    52  inv_mpu.o(i.mpu_get_lpf)
    mpu_get_sample_rate                      0x0800bb81   Thumb Code    22  inv_mpu.o(i.mpu_get_sample_rate)
    mpu_init                                 0x0800bb9d   Thumb Code   310  inv_mpu.o(i.mpu_init)
    mpu_load_firmware                        0x0800bd25   Thumb Code   158  inv_mpu.o(i.mpu_load_firmware)
    mpu_lp_accel_mode                        0x0800bdc9   Thumb Code   178  inv_mpu.o(i.mpu_lp_accel_mode)
    mpu_read_fifo_stream                     0x0800be81   Thumb Code   140  inv_mpu.o(i.mpu_read_fifo_stream)
    mpu_read_mem                             0x0800bf11   Thumb Code    80  inv_mpu.o(i.mpu_read_mem)
    mpu_reset_fifo                           0x0800bf65   Thumb Code   344  inv_mpu.o(i.mpu_reset_fifo)
    mpu_run_self_test                        0x0800c0c1   Thumb Code   234  inv_mpu.o(i.mpu_run_self_test)
    mpu_set_accel_fsr                        0x0800c1b1   Thumb Code    98  inv_mpu.o(i.mpu_set_accel_fsr)
    mpu_set_bypass                           0x0800c219   Thumb Code   214  inv_mpu.o(i.mpu_set_bypass)
    mpu_set_dmp_state                        0x0800c2f5   Thumb Code   114  inv_mpu.o(i.mpu_set_dmp_state)
    mpu_set_gyro_fsr                         0x0800c36d   Thumb Code   104  inv_mpu.o(i.mpu_set_gyro_fsr)
    mpu_set_int_latched                      0x0800c3d9   Thumb Code    94  inv_mpu.o(i.mpu_set_int_latched)
    mpu_set_lpf                              0x0800c43d   Thumb Code   102  inv_mpu.o(i.mpu_set_lpf)
    mpu_set_sample_rate                      0x0800c4a9   Thumb Code   116  inv_mpu.o(i.mpu_set_sample_rate)
    mpu_set_sensors                          0x0800c521   Thumb Code   178  inv_mpu.o(i.mpu_set_sensors)
    mpu_write_mem                            0x0800c5d9   Thumb Code    80  inv_mpu.o(i.mpu_write_mem)
    oled_pow                                 0x0800c62d   Thumb Code    16  oled.o(i.oled_pow)
    prt                                      0x0800c63d   Thumb Code     2  usart.o(i.prt)
    run_self_test                            0x0800c63f   Thumb Code   128  inv_mpu.o(i.run_self_test)
    sqrt                                     0x0800c715   Thumb Code    76  sqrt.o(i.sqrt)
    start_task                               0x0800c761   Thumb Code   386  start_task.o(i.start_task)
    pos_gpsmesg                              0x0800c9f8   Data         144  busposmesg.o(.constdata)
    pos_cname                                0x0800ca88   Data        1152  busposmesg.o(.constdata)
    daole                                    0x0800cf08   Data          96  busposmesg.o(.constdata)
    gj                                       0x0800cf68   Data          80  busposmesg.o(.constdata)
    productionmsg                            0x0800cfb8   Data         208  busposmesg.o(.constdata)
    schoolname                               0x0800d088   Data         128  busposmesg.o(.constdata)
    author                                   0x0800d108   Data          96  busposmesg.o(.constdata)
    taitou                                   0x0800d168   Data         192  busposmesg.o(.constdata)
    title                                    0x0800d228   Data         128  busposmesg.o(.constdata)
    syz                                      0x0800d2a8   Data         128  busposmesg.o(.constdata)
    xyz                                      0x0800d328   Data         128  busposmesg.o(.constdata)
    wd                                       0x0800d3a8   Data          96  busposmesg.o(.constdata)
    sd                                       0x0800d408   Data          96  busposmesg.o(.constdata)
    nyr                                      0x0800d468   Data          96  busposmesg.o(.constdata)
    zlay1                                    0x0800d4c8   Data         256  busposmesg.o(.constdata)
    zlay2                                    0x0800d5c8   Data         256  busposmesg.o(.constdata)
    riqi                                     0x0800d6c8   Data          64  busposmesg.o(.constdata)
    shijian                                  0x0800d708   Data          96  busposmesg.o(.constdata)
    zdxz                                     0x0800d768   Data         160  busposmesg.o(.constdata)
    zuozhuan                                 0x0800d808   Data          64  busposmesg.o(.constdata)
    youzhuan                                 0x0800d848   Data          64  busposmesg.o(.constdata)
    dianbo                                   0x0800d888   Data         128  busposmesg.o(.constdata)
    chaosu                                   0x0800d908   Data         128  busposmesg.o(.constdata)
    set                                      0x0800d988   Data         256  busposmesg.o(.constdata)
    yuyan                                    0x0800da88   Data         192  busposmesg.o(.constdata)
    timeandlanguage                          0x0800db48   Data         160  busposmesg.o(.constdata)
    dingwei                                  0x0800dbe8   Data          64  busposmesg.o(.constdata)
    tuoluoyi                                 0x0800dc28   Data          96  busposmesg.o(.constdata)
    shizhe                                   0x0800dc88   Data          64  busposmesg.o(.constdata)
    dakai                                    0x0800dcc8   Data          64  busposmesg.o(.constdata)
    guanbi                                   0x0800dd08   Data          64  busposmesg.o(.constdata)
    jingweidu                                0x0800dd48   Data         160  busposmesg.o(.constdata)
    jingdu                                   0x0800dde8   Data          64  busposmesg.o(.constdata)
    weidu                                    0x0800de28   Data          64  busposmesg.o(.constdata)
    OSCfg_StatTaskPrio                       0x0800de68   Data           1  os_cfg_app.o(.constdata)
    OSCfg_TickTaskPrio                       0x0800de69   Data           1  os_cfg_app.o(.constdata)
    OSCfg_TmrTaskPrio                        0x0800de6a   Data           1  os_cfg_app.o(.constdata)
    OSCfg_IntQSize                           0x0800de6c   Data           2  os_cfg_app.o(.constdata)
    OSCfg_MsgPoolSize                        0x0800de6e   Data           2  os_cfg_app.o(.constdata)
    OSCfg_TickWheelSize                      0x0800de70   Data           2  os_cfg_app.o(.constdata)
    OSCfg_TmrWheelSize                       0x0800de72   Data           2  os_cfg_app.o(.constdata)
    OSCfg_IdleTaskStkBasePtr                 0x0800de74   Data           4  os_cfg_app.o(.constdata)
    OSCfg_IdleTaskStkLimit                   0x0800de78   Data           4  os_cfg_app.o(.constdata)
    OSCfg_IdleTaskStkSize                    0x0800de7c   Data           4  os_cfg_app.o(.constdata)
    OSCfg_IdleTaskStkSizeRAM                 0x0800de80   Data           4  os_cfg_app.o(.constdata)
    OSCfg_IntQBasePtr                        0x0800de84   Data           4  os_cfg_app.o(.constdata)
    OSCfg_IntQSizeRAM                        0x0800de88   Data           4  os_cfg_app.o(.constdata)
    OSCfg_IntQTaskStkBasePtr                 0x0800de8c   Data           4  os_cfg_app.o(.constdata)
    OSCfg_IntQTaskStkLimit                   0x0800de90   Data           4  os_cfg_app.o(.constdata)
    OSCfg_IntQTaskStkSize                    0x0800de94   Data           4  os_cfg_app.o(.constdata)
    OSCfg_IntQTaskStkSizeRAM                 0x0800de98   Data           4  os_cfg_app.o(.constdata)
    OSCfg_ISRStkBasePtr                      0x0800de9c   Data           4  os_cfg_app.o(.constdata)
    OSCfg_ISRStkSize                         0x0800dea0   Data           4  os_cfg_app.o(.constdata)
    OSCfg_ISRStkSizeRAM                      0x0800dea4   Data           4  os_cfg_app.o(.constdata)
    OSCfg_MsgPoolSizeRAM                     0x0800dea8   Data           4  os_cfg_app.o(.constdata)
    OSCfg_MsgPoolBasePtr                     0x0800deac   Data           4  os_cfg_app.o(.constdata)
    OSCfg_StatTaskRate_Hz                    0x0800deb0   Data           4  os_cfg_app.o(.constdata)
    OSCfg_StatTaskStkBasePtr                 0x0800deb4   Data           4  os_cfg_app.o(.constdata)
    OSCfg_StatTaskStkLimit                   0x0800deb8   Data           4  os_cfg_app.o(.constdata)
    OSCfg_StatTaskStkSize                    0x0800debc   Data           4  os_cfg_app.o(.constdata)
    OSCfg_StatTaskStkSizeRAM                 0x0800dec0   Data           4  os_cfg_app.o(.constdata)
    OSCfg_StkSizeMin                         0x0800dec4   Data           4  os_cfg_app.o(.constdata)
    OSCfg_TickRate_Hz                        0x0800dec8   Data           4  os_cfg_app.o(.constdata)
    OSCfg_TickTaskStkBasePtr                 0x0800decc   Data           4  os_cfg_app.o(.constdata)
    OSCfg_TickTaskStkLimit                   0x0800ded0   Data           4  os_cfg_app.o(.constdata)
    OSCfg_TickTaskStkSize                    0x0800ded4   Data           4  os_cfg_app.o(.constdata)
    OSCfg_TickTaskStkSizeRAM                 0x0800ded8   Data           4  os_cfg_app.o(.constdata)
    OSCfg_TickWheelSizeRAM                   0x0800dedc   Data           4  os_cfg_app.o(.constdata)
    OSCfg_TmrTaskRate_Hz                     0x0800dee0   Data           4  os_cfg_app.o(.constdata)
    OSCfg_TmrTaskStkBasePtr                  0x0800dee4   Data           4  os_cfg_app.o(.constdata)
    OSCfg_TmrTaskStkLimit                    0x0800dee8   Data           4  os_cfg_app.o(.constdata)
    OSCfg_TmrTaskStkSize                     0x0800deec   Data           4  os_cfg_app.o(.constdata)
    OSCfg_TmrTaskStkSizeRAM                  0x0800def0   Data           4  os_cfg_app.o(.constdata)
    OSCfg_TmrWheelSizeRAM                    0x0800def4   Data           4  os_cfg_app.o(.constdata)
    OSCfg_DataSizeRAM                        0x0800def8   Data           4  os_cfg_app.o(.constdata)
    xuanzebmp                                0x0800defc   Data          32  oled_task.o(.constdata)
    table_week                               0x0800df1c   Data          12  gettime_task.o(.constdata)
    mon_table                                0x0800df28   Data          12  gettime_task.o(.constdata)
    F8X16                                    0x0800df34   Data        1520  oled.o(.constdata)
    reg                                      0x0800e524   Data          27  inv_mpu.o(.constdata)
    hw                                       0x0800e540   Data          12  inv_mpu.o(.constdata)
    test                                     0x0800e54c   Data          40  inv_mpu.o(.constdata)
    __mathlib_zero                           0x0800f258   Data           8  qnan.o(.constdata)
    __ctype_categories                       0x0800f260   Data          64  ctype_c.o(.constdata)
    Region$$Table$$Base                      0x0800f2f0   Number         0  anon$$obj.o(Region$$Table)
    Region$$Table$$Limit                     0x0800f310   Number         0  anon$$obj.o(Region$$Table)
    SystemCoreClock                          0x20000000   Data           4  system_stm32f10x.o(.data)
    AHBPrescTable                            0x20000004   Data          16  system_stm32f10x.o(.data)
    USART_RX_STA                             0x20000018   Data           2  usart.o(.data)
    __stdout                                 0x2000001c   Data           4  usart.o(.data)
    CPU_TS_TmrFreq_Hz                        0x20000034   Data           4  cpu_core.o(.data)
    OSPrioTbl                                0x20000038   Data           8  os_prio.o(.data)
    OS_AppTaskCreateHookPtr                  0x20000040   Data           4  os_var.o(.data)
    OS_AppTaskDelHookPtr                     0x20000044   Data           4  os_var.o(.data)
    OS_AppTaskReturnHookPtr                  0x20000048   Data           4  os_var.o(.data)
    OS_AppIdleTaskHookPtr                    0x2000004c   Data           4  os_var.o(.data)
    OS_AppStatTaskHookPtr                    0x20000050   Data           4  os_var.o(.data)
    OS_AppTaskSwHookPtr                      0x20000054   Data           4  os_var.o(.data)
    OS_AppTimeTickHookPtr                    0x20000058   Data           4  os_var.o(.data)
    OSIdleTaskCtr                            0x2000005c   Data           4  os_var.o(.data)
    OSIntNestingCtr                          0x20000060   Data           1  os_var.o(.data)
    OSRunning                                0x20000061   Data           1  os_var.o(.data)
    OSIntQInPtr                              0x20000064   Data           4  os_var.o(.data)
    OSIntQOutPtr                             0x20000068   Data           4  os_var.o(.data)
    OSIntQNbrEntries                         0x2000006c   Data           2  os_var.o(.data)
    OSIntQNbrEntriesMax                      0x2000006e   Data           2  os_var.o(.data)
    OSIntQOvfCtr                             0x20000070   Data           2  os_var.o(.data)
    OSIntQTaskTimeMax                        0x20000074   Data           4  os_var.o(.data)
    OSFlagDbgListPtr                         0x20000078   Data           4  os_var.o(.data)
    OSFlagQty                                0x2000007c   Data           2  os_var.o(.data)
    OSMemDbgListPtr                          0x20000080   Data           4  os_var.o(.data)
    OSMemQty                                 0x20000084   Data           2  os_var.o(.data)
    OSMutexDbgListPtr                        0x20000088   Data           4  os_var.o(.data)
    OSMutexQty                               0x2000008c   Data           2  os_var.o(.data)
    OSPrioCur                                0x2000008e   Data           1  os_var.o(.data)
    OSPrioHighRdy                            0x2000008f   Data           1  os_var.o(.data)
    OSPrioSaved                              0x20000090   Data           1  os_var.o(.data)
    OSQDbgListPtr                            0x20000094   Data           4  os_var.o(.data)
    OSQQty                                   0x20000098   Data           2  os_var.o(.data)
    OSSchedLockTimeBegin                     0x2000009c   Data           4  os_var.o(.data)
    OSSchedLockTimeMax                       0x200000a0   Data           4  os_var.o(.data)
    OSSchedLockTimeMaxCur                    0x200000a4   Data           4  os_var.o(.data)
    OSSchedLockNestingCtr                    0x200000a8   Data           1  os_var.o(.data)
    OSSchedRoundRobinDfltTimeQuanta          0x200000ac   Data           4  os_var.o(.data)
    OSSchedRoundRobinEn                      0x200000b0   Data           1  os_var.o(.data)
    OSSemDbgListPtr                          0x200000b4   Data           4  os_var.o(.data)
    OSSemQty                                 0x200000b8   Data           2  os_var.o(.data)
    OSStatResetFlag                          0x200000ba   Data           1  os_var.o(.data)
    OSStatTaskCPUUsage                       0x200000bc   Data           2  os_var.o(.data)
    OSStatTaskCPUUsageMax                    0x200000be   Data           2  os_var.o(.data)
    OSStatTaskCtr                            0x200000c0   Data           4  os_var.o(.data)
    OSStatTaskCtrMax                         0x200000c4   Data           4  os_var.o(.data)
    OSStatTaskCtrRun                         0x200000c8   Data           4  os_var.o(.data)
    OSStatTaskRdy                            0x200000cc   Data           1  os_var.o(.data)
    OSStatTaskTimeMax                        0x200000d0   Data           4  os_var.o(.data)
    OSTaskCtxSwCtr                           0x200000d4   Data           4  os_var.o(.data)
    OSTaskDbgListPtr                         0x200000d8   Data           4  os_var.o(.data)
    OSTaskQty                                0x200000dc   Data           2  os_var.o(.data)
    OSTaskRegNextAvailID                     0x200000de   Data           1  os_var.o(.data)
    OSTickCtr                                0x200000e0   Data           4  os_var.o(.data)
    OSTickTaskTimeMax                        0x200000e4   Data           4  os_var.o(.data)
    OSTmrDbgListPtr                          0x200000e8   Data           4  os_var.o(.data)
    OSTmrTaskTimeMax                         0x200000ec   Data           4  os_var.o(.data)
    OSTmrTickCtr                             0x200000f0   Data           4  os_var.o(.data)
    OSTmrUpdateCnt                           0x200000f4   Data           4  os_var.o(.data)
    OSTmrUpdateCtr                           0x200000f8   Data           4  os_var.o(.data)
    OSTCBCurPtr                              0x200000fc   Data           4  os_var.o(.data)
    OSTCBHighRdyPtr                          0x20000100   Data           4  os_var.o(.data)
    OS_CPU_ExceptStkBase                     0x20000104   Data           4  os_cpu_c.o(.data)
    key_time                                 0x20000108   Data           1  key_task.o(.data)
    DHT11_OK_FLAG                            0x20000109   Data           1  dht11_task.o(.data)
    temp_buf                                 0x2000010a   Data           4  dht11_task.o(.data)
    humity_buf                               0x2000010e   Data           5  dht11_task.o(.data)
    languagesetting                          0x20000113   Data           1  oled_task.o(.data)
    direction                                0x20000114   Data           1  oled_task.o(.data)
    local_date                               0x20000116   Data           3  oled_task.o(.data)
    syc                                      0x20000119   Data           1  other_task.o(.data)
    time_cout                                0x20000120   Data           4  gettime_task.o(.data)
    Local_Time                               0x20000124   Data           8  gettime_task.o(.data)
    count                                    0x2000012c   Data           1  isd4004.o(.data)
    flag3                                    0x2000012d   Data           1  isd4004.o(.data)
    flag4                                    0x2000012e   Data           1  isd4004.o(.data)
    request                                  0x2000012f   Data           1  isd4004.o(.data)
    time_total                               0x20000130   Data           4  isd4004.o(.data)
    GPGGA_OK_FLAG                            0x20000138   Data           1  gps.o(.data)
    GPRMC_OK_FLAG                            0x20000139   Data           1  gps.o(.data)
    uart_p                                   0x20000140   Data           1  gps_usart2.o(.data)
    Flag_GPGGA_OK                            0x20000141   Data           1  gps_usart2.o(.data)
    Flag_GPRMC_OK                            0x20000142   Data           1  gps_usart2.o(.data)
    Flag_time_OK                             0x20000143   Data           1  gps_usart2.o(.data)
    REMORE_STA                               0x2000017c   Data           1  remote.o(.data)
    RmtCnt                                   0x2000017d   Data           1  remote.o(.data)
    Dval                                     0x20000180   Data           2  remote.o(.data)
    RmtRec                                   0x20000184   Data           4  remote.o(.data)
    sem_prt                                  0x2000018c   Data          40  usart.o(.bss)
    USART_RX_BUF                             0x200001b4   Data         200  usart.o(.bss)
    CPU_Name                                 0x2000027c   Data          16  cpu_core.o(.bss)
    OSCfg_IdleTaskStk                        0x2000028c   Data         512  os_cfg_app.o(.bss)
    OSCfg_IntQ                               0x2000048c   Data         320  os_cfg_app.o(.bss)
    OSCfg_IntQTaskStk                        0x200005cc   Data         512  os_cfg_app.o(.bss)
    OSCfg_ISRStk                             0x200007cc   Data         512  os_cfg_app.o(.bss)
    OSCfg_MsgPool                            0x200009cc   Data        1600  os_cfg_app.o(.bss)
    OSCfg_StatTaskStk                        0x2000100c   Data         512  os_cfg_app.o(.bss)
    OSCfg_TickTaskStk                        0x2000120c   Data         512  os_cfg_app.o(.bss)
    OSCfg_TickWheel                          0x2000140c   Data         136  os_cfg_app.o(.bss)
    OSCfg_TmrTaskStk                         0x20001494   Data         512  os_cfg_app.o(.bss)
    OSCfg_TmrWheel                           0x20001694   Data         136  os_cfg_app.o(.bss)
    OSIdleTaskTCB                            0x2000171c   Data         196  os_var.o(.bss)
    OSIntQTaskTCB                            0x200017e0   Data         196  os_var.o(.bss)
    OSMsgPool                                0x200018a4   Data          12  os_var.o(.bss)
    OSRdyList                                0x200018b0   Data         768  os_var.o(.bss)
    OSStatTaskTCB                            0x20001bb0   Data         196  os_var.o(.bss)
    OSTickTaskTCB                            0x20001c74   Data         196  os_var.o(.bss)
    OSTmrTaskTCB                             0x20001d38   Data         196  os_var.o(.bss)
    isd4004event_flag                        0x20001dfc   Data          40  start_task.o(.bss)
    oledevent_flag                           0x20001e24   Data          40  start_task.o(.bss)
    sem_key_time                             0x20001e4c   Data          40  start_task.o(.bss)
    sem_oledandkey                           0x20001e74   Data          40  start_task.o(.bss)
    sem_othertask                            0x20001e9c   Data          40  start_task.o(.bss)
    sem_isd4004task                          0x20001ec4   Data          40  start_task.o(.bss)
    sem_arrive                               0x20001eec   Data          40  start_task.o(.bss)
    StartTaskTCB                             0x20001f14   Data         196  start_task.o(.bss)
    START_TASK_STK                           0x20001fd8   Data        2048  start_task.o(.bss)
    KEYTaskTCB                               0x200027d8   Data         196  key_task.o(.bss)
    KEY_TASK_STK                             0x2000289c   Data         512  key_task.o(.bss)
    ISD4004TaskTCB                           0x20002a9c   Data         196  isd4004_task.o(.bss)
    ISD4004_TASK_STK                         0x20002b60   Data         512  isd4004_task.o(.bss)
    GPSTaskTCB                               0x20002d60   Data         196  gps_task.o(.bss)
    GPS_TASK_STK                             0x20002e24   Data         512  gps_task.o(.bss)
    Bus_Attitude                             0x20003024   Data          12  mpu6050_task.o(.bss)
    MPU6050TaskTCB                           0x20003030   Data         196  mpu6050_task.o(.bss)
    MPU6050_TASK_STK                         0x200030f4   Data         512  mpu6050_task.o(.bss)
    time                                     0x200032f4   Data          10  oled_task.o(.bss)
    date1                                    0x200032fe   Data          10  oled_task.o(.bss)
    OLEDTaskTCB                              0x20003308   Data         196  oled_task.o(.bss)
    OLED_TASK_STK                            0x200033cc   Data        1024  oled_task.o(.bss)
    OTHERTaskTCB                             0x200037cc   Data         196  other_task.o(.bss)
    OTHER_TASK_STK                           0x20003890   Data         512  other_task.o(.bss)
    GETTIMETaskTCB                           0x20003a90   Data         196  gettime_task.o(.bss)
    GETTIME_TASK_STK                         0x20003b54   Data         512  gettime_task.o(.bss)
    GPS_DATADEALTaskTCB                      0x20003d54   Data         196  gps_datadeal_task.o(.bss)
    adds                                     0x20003e18   Data          12  isd4004.o(.bss)
    GPS_Msg                                  0x20003e24   Data          98  gps.o(.bss)
    uart_buff                                0x20003e86   Data         255  gps_usart2.o(.bss)
    __initial_sp                             0x20004398   Data           0  startup_stm32f10x_md.o(STACK)



==============================================================================

Memory Map of the image

  Image Entry point : 0x080000ed

  Load Region LR_IROM1 (Base: 0x08000000, Size: 0x0000f49c, Max: 0x00010000, ABSOLUTE, COMPRESSED[0x0000f348])

    Execution Region ER_IROM1 (Base: 0x08000000, Size: 0x0000f310, Max: 0x00010000, ABSOLUTE)

    Base Addr    Size         Type   Attr      Idx    E Section Name        Object

    0x08000000   0x000000ec   Data   RO          362    RESET               startup_stm32f10x_md.o
    0x080000ec   0x00000000   Code   RO         5708  * .ARM.Collect$$$$00000000  mc_w.l(entry.o)
    0x080000ec   0x00000004   Code   RO         6053    .ARM.Collect$$$$00000001  mc_w.l(entry2.o)
    0x080000f0   0x00000004   Code   RO         6056    .ARM.Collect$$$$00000004  mc_w.l(entry5.o)
    0x080000f4   0x00000000   Code   RO         6058    .ARM.Collect$$$$00000008  mc_w.l(entry7b.o)
    0x080000f4   0x00000000   Code   RO         6060    .ARM.Collect$$$$0000000A  mc_w.l(entry8b.o)
    0x080000f4   0x00000008   Code   RO         6061    .ARM.Collect$$$$0000000B  mc_w.l(entry9a.o)
    0x080000fc   0x00000000   Code   RO         6063    .ARM.Collect$$$$0000000D  mc_w.l(entry10a.o)
    0x080000fc   0x00000000   Code   RO         6065    .ARM.Collect$$$$0000000F  mc_w.l(entry11a.o)
    0x080000fc   0x00000004   Code   RO         6054    .ARM.Collect$$$$00002712  mc_w.l(entry2.o)
    0x08000100   0x00000024   Code   RO          363    .text               startup_stm32f10x_md.o
    0x08000124   0x00000034   Code   RO         2297    .text               cpu_a.o
    0x08000158   0x00000062   Code   RO         5711    .text               mc_w.l(uldiv.o)
    0x080001ba   0x00000062   Code   RO         5713    .text               mc_w.l(ldiv.o)
    0x0800021c   0x00000024   Code   RO         5715    .text               mc_w.l(memseta.o)
    0x08000240   0x0000001a   Code   RO         5717    .text               mc_w.l(memcmp.o)
    0x0800025a   0x00000012   Code   RO         5719    .text               mc_w.l(strcpy.o)
    0x0800026c   0x000000b0   Code   RO         5982    .text               mf_w.l(fadd.o)
    0x0800031c   0x00000064   Code   RO         5984    .text               mf_w.l(fmul.o)
    0x08000380   0x0000007c   Code   RO         5986    .text               mf_w.l(fdiv.o)
    0x080003fc   0x00000018   Code   RO         5988    .text               mf_w.l(fscalb.o)
    0x08000414   0x0000014e   Code   RO         5990    .text               mf_w.l(dadd.o)
    0x08000562   0x000000e4   Code   RO         5992    .text               mf_w.l(dmul.o)
    0x08000646   0x000000de   Code   RO         5994    .text               mf_w.l(ddiv.o)
    0x08000724   0x00000012   Code   RO         5996    .text               mf_w.l(fflti.o)
    0x08000736   0x0000000a   Code   RO         5998    .text               mf_w.l(ffltui.o)
    0x08000740   0x00000022   Code   RO         6000    .text               mf_w.l(dflti.o)
    0x08000762   0x00000032   Code   RO         6002    .text               mf_w.l(ffixi.o)
    0x08000794   0x00000028   Code   RO         6004    .text               mf_w.l(ffixui.o)
    0x080007bc   0x00000026   Code   RO         6006    .text               mf_w.l(f2d.o)
    0x080007e2   0x00000002   PAD
    0x080007e4   0x00000030   Code   RO         6008    .text               mf_w.l(cdcmple.o)
    0x08000814   0x00000030   Code   RO         6010    .text               mf_w.l(cdrcmple.o)
    0x08000844   0x00000038   Code   RO         6012    .text               mf_w.l(d2f.o)
    0x0800087c   0x00000014   Code   RO         6014    .text               mf_w.l(cfcmple.o)
    0x08000890   0x0000002c   Code   RO         6067    .text               mc_w.l(uidiv.o)
    0x080008bc   0x0000001e   Code   RO         6069    .text               mc_w.l(llshl.o)
    0x080008da   0x00000020   Code   RO         6071    .text               mc_w.l(llushr.o)
    0x080008fa   0x00000024   Code   RO         6073    .text               mc_w.l(llsshr.o)
    0x0800091e   0x00000002   PAD
    0x08000920   0x0000009c   Code   RO         6082    .text               mc_w.l(strtod.o)
    0x080009bc   0x00000000   Code   RO         6084    .text               mc_w.l(iusefp.o)
    0x080009bc   0x0000006e   Code   RO         6085    .text               mf_w.l(fepilogue.o)
    0x08000a2a   0x000000ba   Code   RO         6087    .text               mf_w.l(depilogue.o)
    0x08000ae4   0x0000002e   Code   RO         6089    .text               mf_w.l(dscalb.o)
    0x08000b12   0x00000030   Code   RO         6091    .text               mf_w.l(dfixul.o)
    0x08000b42   0x00000002   PAD
    0x08000b44   0x00000024   Code   RO         6093    .text               mc_w.l(init.o)
    0x08000b68   0x0000000a   Code   RO         6095    .text               mc_w.l(isspace_c.o)
    0x08000b72   0x00000002   PAD
    0x08000b74   0x00000338   Code   RO         6097    .text               mc_w.l(scanf_fp.o)
    0x08000eac   0x00000040   Code   RO         6101    .text               mc_w.l(_sgetc.o)
    0x08000eec   0x000000a2   Code   RO         6103    .text               mf_w.l(dsqrt.o)
    0x08000f8e   0x00000002   PAD
    0x08000f90   0x00000028   Code   RO         6105    .text               mc_w.l(ctype_c.o)
    0x08000fb8   0x00000018   Code   RO         6108    .text               mf_w.l(dfltul.o)
    0x08000fd0   0x00000056   Code   RO         6118    .text               mc_w.l(__dczerorl2.o)
    0x08001026   0x00000002   PAD
    0x08001028   0x00000098   Code   RO         3887    CODE                os_cpu_a.o
    0x080010c0   0x00000028   Code   RO         4099    i.Alter_key_time    key_task.o
    0x080010e8   0x00000010   Code   RO         2094    i.BSP_CPU_ClkFreq   bsp.o
    0x080010f8   0x00000002   Code   RO          193    i.BusFault_Handler  stm32f10x_it.o
    0x080010fa   0x00000002   PAD
    0x080010fc   0x00000018   Code   RO         2135    i.CPU_Init          cpu_core.o
    0x08001114   0x00000020   Code   RO         2136    i.CPU_NameClr       cpu_core.o
    0x08001134   0x0000000c   Code   RO         2142    i.CPU_TS_TmrFreqSet  cpu_core.o
    0x08001140   0x00000030   Code   RO         2096    i.CPU_TS_TmrInit    bsp.o
    0x08001170   0x0000000c   Code   RO         2097    i.CPU_TS_TmrRd      bsp.o
    0x0800117c   0x00000002   Code   RO          194    i.DebugMon_Handler  stm32f10x_it.o
    0x0800117e   0x00000002   PAD
    0x08001180   0x0000014c   Code   RO         4477    i.GETTIME_task      gettime_task.o
    0x080012cc   0x00000116   Code   RO         4677    i.GMTconvert        gps.o
    0x080013e2   0x0000009c   Code   RO          539    i.GPIO_Init         stm32f10x_gpio.o
    0x0800147e   0x00000004   Code   RO          547    i.GPIO_SetBits      stm32f10x_gpio.o
    0x08001482   0x00000002   PAD
    0x08001484   0x00000360   Code   RO         4678    i.GPS_AnalysisData  gps.o
    0x080017e4   0x00000058   Code   RO         4270    i.GPS_Close         oled_task.o
    0x0800183c   0x00000094   Code   RO         4679    i.GPS_GetPos        gps.o
    0x080018d0   0x000000f0   Code   RO         4680    i.GPS_GetTime       gps.o
    0x080019c0   0x0000009c   Code   RO         4271    i.GPS_Open          oled_task.o
    0x08001a5c   0x00000390   Code   RO         4272    i.GPS_Set           oled_task.o
    0x08001dec   0x000000c0   Code   RO         4726    i.GPS_USART_Init    gps_usart2.o
    0x08001eac   0x00000154   Code   RO         4187    i.GPS_task          gps_task.o
    0x08002000   0x0000006c   Code   RO         4478    i.GetTime_TIM3Init  gettime_task.o
    0x0800206c   0x00000034   Code   RO         5650    i.Get_RemoteKeyValue  remote.o
    0x080020a0   0x00000002   Code   RO          195    i.HardFault_Handler  stm32f10x_it.o
    0x080020a2   0x00000002   PAD
    0x080020a4   0x00000080   Code   RO         4559    i.ISD4004_Init      isd4004.o
    0x08002124   0x00000090   Code   RO         4560    i.ISD4004_Playing   isd4004.o
    0x080021b4   0x00000028   Code   RO         4562    i.ISD4004_StopPlaying  isd4004.o
    0x080021dc   0x0000006c   Code   RO         4563    i.ISD4004_TIM4Init  isd4004.o
    0x08002248   0x00000018   Code   RO         4564    i.ISD4004_play      isd4004.o
    0x08002260   0x0000002c   Code   RO         4565    i.ISD4004_powerup   isd4004.o
    0x0800228c   0x0000004c   Code   RO         4567    i.ISD4004_send      isd4004.o
    0x080022d8   0x00000038   Code   RO         4568    i.ISD4004_setplay   isd4004.o
    0x08002310   0x00000024   Code   RO         4570    i.ISD4004_stop      isd4004.o
    0x08002334   0x00000024   Code   RO         4571    i.ISD4004_stopwrdn  isd4004.o
    0x08002358   0x000000bc   Code   RO         4137    i.ISD4004_task      isd4004_task.o
    0x08002414   0x00000010   Code   RO         2052    i.IWDG_Enable       stm32f10x_iwdg.o
    0x08002424   0x00000004   Code   RO         5632    i.IWDG_Feed         wdg.o
    0x08002428   0x00000024   Code   RO         5633    i.IWDG_Init         wdg.o
    0x0800244c   0x00000010   Code   RO         2054    i.IWDG_ReloadCounter  stm32f10x_iwdg.o
    0x0800245c   0x0000000c   Code   RO         2055    i.IWDG_SetPrescaler  stm32f10x_iwdg.o
    0x08002468   0x0000000c   Code   RO         2056    i.IWDG_SetReload    stm32f10x_iwdg.o
    0x08002474   0x0000000c   Code   RO         2057    i.IWDG_WriteAccessCmd  stm32f10x_iwdg.o
    0x08002480   0x0000002c   Code   RO         4681    i.IsLeapYear        gps.o
    0x080024ac   0x00000038   Code   RO         4658    i.KEY_Init          key.o
    0x080024e4   0x0000008c   Code   RO         4659    i.KEY_Scan          key.o
    0x08002570   0x000001d8   Code   RO         4100    i.KEY_task          key_task.o
    0x08002748   0x00000038   Code   RO         4547    i.LED_Init          led.o
    0x08002780   0x00000060   Code   RO         4989    i.MPU6050_AttitudeAnalysis  mpu6050.o
    0x080027e0   0x00000174   Code   RO         4230    i.MPU6050_task      mpu6050_task.o
    0x08002954   0x0000004c   Code   RO         4273    i.MPU_Close         oled_task.o
    0x080029a0   0x00000032   Code   RO         4990    i.MPU_Get_Accelerometer  mpu6050.o
    0x080029d2   0x00000032   Code   RO         4991    i.MPU_Get_Gyroscope  mpu6050.o
    0x08002a04   0x0000004c   Code   RO         4992    i.MPU_Get_Temperature  mpu6050.o
    0x08002a50   0x00000040   Code   RO         5075    i.MPU_IIC_Ack       mpuiic.o
    0x08002a90   0x00000034   Code   RO         5077    i.MPU_IIC_Init      mpuiic.o
    0x08002ac4   0x00000040   Code   RO         5078    i.MPU_IIC_NAck      mpuiic.o
    0x08002b04   0x0000006c   Code   RO         5079    i.MPU_IIC_Read_Byte  mpuiic.o
    0x08002b70   0x00000058   Code   RO         5080    i.MPU_IIC_Send_Byte  mpuiic.o
    0x08002bc8   0x00000040   Code   RO         5081    i.MPU_IIC_Start     mpuiic.o
    0x08002c08   0x00000044   Code   RO         5082    i.MPU_IIC_Stop      mpuiic.o
    0x08002c4c   0x00000058   Code   RO         5083    i.MPU_IIC_Wait_Ack  mpuiic.o
    0x08002ca4   0x00000076   Code   RO         4993    i.MPU_Init          mpu6050.o
    0x08002d1a   0x00000002   PAD
    0x08002d1c   0x00000090   Code   RO         4274    i.MPU_Open          oled_task.o
    0x08002dac   0x0000003a   Code   RO         4994    i.MPU_Read_Byte     mpu6050.o
    0x08002de6   0x0000006a   Code   RO         4995    i.MPU_Read_Len      mpu6050.o
    0x08002e50   0x00000328   Code   RO         4275    i.MPU_Set           oled_task.o
    0x08003178   0x0000000a   Code   RO         4996    i.MPU_Set_Accel_Fsr  mpu6050.o
    0x08003182   0x0000000a   Code   RO         4997    i.MPU_Set_Gyro_Fsr  mpu6050.o
    0x0800318c   0x00000030   Code   RO         4998    i.MPU_Set_LPF       mpu6050.o
    0x080031bc   0x0000002e   Code   RO         4999    i.MPU_Set_Rate      mpu6050.o
    0x080031ea   0x0000003c   Code   RO         5000    i.MPU_Write_Byte    mpu6050.o
    0x08003226   0x00000052   Code   RO         5001    i.MPU_Write_Len     mpu6050.o
    0x08003278   0x00000002   Code   RO          196    i.MemManage_Handler  stm32f10x_it.o
    0x0800327a   0x00000008   Code   RO         2440    i.Mem_Clr           lib_mem.o
    0x08003282   0x0000003e   Code   RO         2456    i.Mem_Set           lib_mem.o
    0x080032c0   0x00000002   Code   RO          197    i.NMI_Handler       stm32f10x_it.o
    0x080032c2   0x00000002   PAD
    0x080032c4   0x00000064   Code   RO          497    i.NVIC_Init         misc.o
    0x08003328   0x00000014   Code   RO          498    i.NVIC_PriorityGroupConfig  misc.o
    0x0800333c   0x0000003c   Code   RO         4751    i.OLED_Clear        oled.o
    0x08003378   0x00000040   Code   RO         4755    i.OLED_DrawBMP      oled.o
    0x080033b8   0x00000052   Code   RO         4757    i.OLED_Fill         oled.o
    0x0800340a   0x00000002   PAD
    0x0800340c   0x00000060   Code   RO         4762    i.OLED_I2C_Send_Byte  oled.o
    0x0800346c   0x00000040   Code   RO         4763    i.OLED_I2C_Start    oled.o
    0x080034ac   0x00000044   Code   RO         4764    i.OLED_I2C_Stop     oled.o
    0x080034f0   0x00000058   Code   RO         4765    i.OLED_I2C_WaitAnswer  oled.o
    0x08003548   0x00000110   Code   RO         4766    i.OLED_Init         oled.o
    0x08003658   0x00000036   Code   RO         4767    i.OLED_Send         oled.o
    0x0800368e   0x00000028   Code   RO         4768    i.OLED_Set_Pos      oled.o
    0x080036b6   0x0000004e   Code   RO         4769    i.OLED_ShowCHinese  oled.o
    0x08003704   0x0000002c   Code   RO         4771    i.OLED_ShowCHineseString  oled.o
    0x08003730   0x00000068   Code   RO         4773    i.OLED_ShowChar     oled.o
    0x08003798   0x0000005e   Code   RO         4775    i.OLED_ShowNum      oled.o
    0x080037f6   0x00000032   Code   RO         4777    i.OLED_ShowString   oled.o
    0x08003828   0x0000022c   Code   RO         4276    i.OLED_task         oled_task.o
    0x08003a54   0x00000002   Code   RO         2709    i.OSCfg_Init        os_cfg_app.o
    0x08003a56   0x00000002   PAD
    0x08003a58   0x00000078   Code   RO         2995    i.OSFlagCreate      os_flag.o
    0x08003ad0   0x00000230   Code   RO         2997    i.OSFlagPend        os_flag.o
    0x08003d00   0x0000007c   Code   RO         3000    i.OSFlagPost        os_flag.o
    0x08003d7c   0x00000010   Code   RO         3890    i.OSIdleTaskHook    os_cpu_c.o
    0x08003d8c   0x00000184   Code   RO         2741    i.OSInit            os_core.o
    0x08003f10   0x00000034   Code   RO         3891    i.OSInitHook        os_cpu_c.o
    0x08003f44   0x00000020   Code   RO         2742    i.OSIntEnter        os_core.o
    0x08003f64   0x0000008c   Code   RO         2743    i.OSIntExit         os_core.o
    0x08003ff0   0x0000007c   Code   RO         2744    i.OSSched           os_core.o
    0x0800406c   0x00000054   Code   RO         2745    i.OSSchedLock       os_core.o
    0x080040c0   0x00000048   Code   RO         2746    i.OSSchedRoundRobinCfg  os_core.o
    0x08004108   0x00000068   Code   RO         2748    i.OSSchedUnlock     os_core.o
    0x08004170   0x00000078   Code   RO         3361    i.OSSemCreate       os_sem.o
    0x080041e8   0x0000013c   Code   RO         3363    i.OSSemPend         os_sem.o
    0x08004324   0x00000080   Code   RO         3365    i.OSSemPost         os_sem.o
    0x080043a4   0x00000058   Code   RO         2749    i.OSStart           os_core.o
    0x080043fc   0x000000c0   Code   RO         3433    i.OSStatReset       os_stat.o
    0x080044bc   0x00000010   Code   RO         3892    i.OSStatTaskHook    os_cpu_c.o
    0x080044cc   0x000001b4   Code   RO         3464    i.OSTaskCreate      os_task.o
    0x08004680   0x00000010   Code   RO         3893    i.OSTaskCreateHook  os_cpu_c.o
    0x08004690   0x00000118   Code   RO         3465    i.OSTaskDel         os_task.o
    0x080047a8   0x00000010   Code   RO         3894    i.OSTaskDelHook     os_cpu_c.o
    0x080047b8   0x00000010   Code   RO         3895    i.OSTaskReturnHook  os_cpu_c.o
    0x080047c8   0x00000138   Code   RO         3474    i.OSTaskSemPend     os_task.o
    0x08004900   0x00000094   Code   RO         3478    i.OSTaskStkChk      os_task.o
    0x08004994   0x00000060   Code   RO         3896    i.OSTaskStkInit     os_cpu_c.o
    0x080049f4   0x00000058   Code   RO         3897    i.OSTaskSwHook      os_cpu_c.o
    0x08004a4c   0x000000ac   Code   RO         3679    i.OSTimeDly         os_time.o
    0x08004af8   0x00000144   Code   RO         3680    i.OSTimeDlyHMSM     os_time.o
    0x08004c3c   0x00000040   Code   RO         3684    i.OSTimeTick        os_time.o
    0x08004c7c   0x00000010   Code   RO         3898    i.OSTimeTickHook    os_cpu_c.o
    0x08004c8c   0x00000002   Code   RO         2979    i.OS_Dbg_Init       os_dbg.o
    0x08004c8e   0x00000002   PAD
    0x08004c90   0x00000020   Code   RO         3001    i.OS_FlagBlock      os_flag.o
    0x08004cb0   0x00000024   Code   RO         3003    i.OS_FlagDbgListAdd  os_flag.o
    0x08004cd4   0x00000018   Code   RO         3005    i.OS_FlagInit       os_flag.o
    0x08004cec   0x00000130   Code   RO         3006    i.OS_FlagPost       os_flag.o
    0x08004e1c   0x00000044   Code   RO         3007    i.OS_FlagTaskRdy    os_flag.o
    0x08004e60   0x00000028   Code   RO         2751    i.OS_IdleTask       os_core.o
    0x08004e88   0x00000068   Code   RO         2752    i.OS_IdleTaskInit   os_core.o
    0x08004ef0   0x000000b0   Code   RO         3078    i.OS_IntQPost       os_int.o
    0x08004fa0   0x0000011c   Code   RO         3079    i.OS_IntQRePost     os_int.o
    0x080050bc   0x0000007c   Code   RO         3080    i.OS_IntQTask       os_int.o
    0x08005138   0x00000118   Code   RO         3081    i.OS_IntQTaskInit   os_int.o
    0x08005250   0x00000018   Code   RO         3112    i.OS_MemInit        os_mem.o
    0x08005268   0x00000030   Code   RO         3144    i.OS_MsgPoolCreate  os_msg.o
    0x08005298   0x00000048   Code   RO         3145    i.OS_MsgPoolInit    os_msg.o
    0x080052e0   0x00000034   Code   RO         3146    i.OS_MsgQFreeAll    os_msg.o
    0x08005314   0x0000000e   Code   RO         3148    i.OS_MsgQInit       os_msg.o
    0x08005322   0x00000002   PAD
    0x08005324   0x00000084   Code   RO         3149    i.OS_MsgQPut        os_msg.o
    0x080053a8   0x00000018   Code   RO         3194    i.OS_MutexInit      os_mutex.o
    0x080053c0   0x00000050   Code   RO         2753    i.OS_Pend           os_core.o
    0x08005410   0x00000030   Code   RO         2756    i.OS_PendDataInit   os_core.o
    0x08005440   0x00000048   Code   RO         2757    i.OS_PendDbgNameAdd  os_core.o
    0x08005488   0x0000001c   Code   RO         2758    i.OS_PendDbgNameRemove  os_core.o
    0x080054a4   0x0000000a   Code   RO         2760    i.OS_PendListInit   os_core.o
    0x080054ae   0x0000005a   Code   RO         2762    i.OS_PendListInsertPrio  os_core.o
    0x08005508   0x00000026   Code   RO         2763    i.OS_PendListRemove  os_core.o
    0x0800552e   0x00000036   Code   RO         2764    i.OS_PendListRemove1  os_core.o
    0x08005564   0x00000098   Code   RO         2767    i.OS_Post           os_core.o
    0x080055fc   0x00000026   Code   RO         2768    i.OS_Post1          os_core.o
    0x08005622   0x00000002   PAD
    0x08005624   0x00000024   Code   RO         3252    i.OS_PrioGetHighest  os_prio.o
    0x08005648   0x00000018   Code   RO         3253    i.OS_PrioInit       os_prio.o
    0x08005660   0x00000020   Code   RO         3254    i.OS_PrioInsert     os_prio.o
    0x08005680   0x00000020   Code   RO         3255    i.OS_PrioRemove     os_prio.o
    0x080056a0   0x00000018   Code   RO         3298    i.OS_QInit          os_q.o
    0x080056b8   0x000000cc   Code   RO         3299    i.OS_QPost          os_q.o
    0x08005784   0x00000024   Code   RO         2769    i.OS_RdyListInit    os_core.o
    0x080057a8   0x00000030   Code   RO         2770    i.OS_RdyListInsert  os_core.o
    0x080057d8   0x00000038   Code   RO         2771    i.OS_RdyListInsertHead  os_core.o
    0x08005810   0x00000034   Code   RO         2772    i.OS_RdyListInsertTail  os_core.o
    0x08005844   0x00000034   Code   RO         2773    i.OS_RdyListMoveHeadToTail  os_core.o
    0x08005878   0x00000054   Code   RO         2774    i.OS_RdyListRemove  os_core.o
    0x080058cc   0x00000048   Code   RO         2775    i.OS_Sched0         os_core.o
    0x08005914   0x0000001c   Code   RO         2776    i.OS_SchedLockTimeMeasStart  os_core.o
    0x08005930   0x0000003c   Code   RO         2777    i.OS_SchedLockTimeMeasStop  os_core.o
    0x0800596c   0x00000060   Code   RO         2778    i.OS_SchedRoundRobin  os_core.o
    0x080059cc   0x00000024   Code   RO         3368    i.OS_SemDbgListAdd  os_sem.o
    0x080059f0   0x00000018   Code   RO         3370    i.OS_SemInit        os_sem.o
    0x08005a08   0x000000a4   Code   RO         3371    i.OS_SemPost        os_sem.o
    0x08005aac   0x00000228   Code   RO         3435    i.OS_StatTask       os_stat.o
    0x08005cd4   0x000000bc   Code   RO         3436    i.OS_StatTaskInit   os_stat.o
    0x08005d90   0x0000002a   Code   RO         2779    i.OS_TaskBlock      os_core.o
    0x08005dba   0x00000002   PAD
    0x08005dbc   0x00000024   Code   RO         3481    i.OS_TaskDbgListAdd  os_task.o
    0x08005de0   0x00000038   Code   RO         3482    i.OS_TaskDbgListRemove  os_task.o
    0x08005e18   0x00000020   Code   RO         3483    i.OS_TaskInit       os_task.o
    0x08005e38   0x000000c0   Code   RO         3484    i.OS_TaskInitTCB    os_task.o
    0x08005ef8   0x000000ec   Code   RO         3485    i.OS_TaskQPost      os_task.o
    0x08005fe4   0x0000001c   Code   RO         2780    i.OS_TaskRdy        os_core.o
    0x08006000   0x000000bc   Code   RO         3486    i.OS_TaskResume     os_task.o
    0x080060bc   0x00000018   Code   RO         3487    i.OS_TaskReturn     os_task.o
    0x080060d4   0x00000110   Code   RO         3488    i.OS_TaskSemPost    os_task.o
    0x080061e4   0x000000a8   Code   RO         3489    i.OS_TaskSuspend    os_task.o
    0x0800628c   0x0000002c   Code   RO         3631    i.OS_TickListInit   os_tick.o
    0x080062b8   0x000000d8   Code   RO         3632    i.OS_TickListInsert  os_tick.o
    0x08006390   0x00000036   Code   RO         3633    i.OS_TickListRemove  os_tick.o
    0x080063c6   0x00000002   PAD
    0x080063c8   0x00000028   Code   RO         3634    i.OS_TickListResetPeak  os_tick.o
    0x080063f0   0x00000148   Code   RO         3635    i.OS_TickListUpdate  os_tick.o
    0x08006538   0x00000028   Code   RO         3636    i.OS_TickTask       os_tick.o
    0x08006560   0x000000a8   Code   RO         3637    i.OS_TickTaskInit   os_tick.o
    0x08006608   0x00000104   Code   RO         3730    i.OS_TmrInit        os_tmr.o
    0x0800670c   0x00000098   Code   RO         3731    i.OS_TmrLink        os_tmr.o
    0x080067a4   0x00000028   Code   RO         3732    i.OS_TmrResetPeak   os_tmr.o
    0x080067cc   0x000000ac   Code   RO         3733    i.OS_TmrTask        os_tmr.o
    0x08006878   0x0000004c   Code   RO         3734    i.OS_TmrUnlink      os_tmr.o
    0x080068c4   0x0000018c   Code   RO         4444    i.OTHER_task        other_task.o
    0x08006a50   0x0000035c   Code   RO         4138    i.Play_Voice        isd4004_task.o
    0x08006dac   0x00000018   Code   RO          649    i.RCC_APB1PeriphClockCmd  stm32f10x_rcc.o
    0x08006dc4   0x00000018   Code   RO          651    i.RCC_APB2PeriphClockCmd  stm32f10x_rcc.o
    0x08006ddc   0x00000094   Code   RO          659    i.RCC_GetClocksFreq  stm32f10x_rcc.o
    0x08006e70   0x000000dc   Code   RO         4479    i.RTC_Get           gettime_task.o
    0x08006f4c   0x00000050   Code   RO         4480    i.RTC_Get_Week      gettime_task.o
    0x08006f9c   0x000000c8   Code   RO         4481    i.RTC_Set           gettime_task.o
    0x08007064   0x00000050   Code   RO         4101    i.ReCreateKEYTask   key_task.o
    0x080070b4   0x0000004c   Code   RO         4445    i.ReCreateOTHERTask  other_task.o
    0x08007100   0x000000b8   Code   RO         5651    i.Remote_Init       remote.o
    0x080071b8   0x000000ec   Code   RO         5652    i.Remote_Scan       remote.o
    0x080072a4   0x00000002   Code   RO          198    i.SVC_Handler       stm32f10x_it.o
    0x080072a6   0x00000002   PAD
    0x080072a8   0x00000400   Code   RO         4277    i.SetLanguage       oled_task.o
    0x080076a8   0x000000a8   Code   RO          270    i.SetSysClockTo72   system_stm32f10x.o
    0x08007750   0x00000364   Code   RO         4278    i.SetTime           oled_task.o
    0x08007ab4   0x00000364   Code   RO         4279    i.Setting           oled_task.o
    0x08007e18   0x000002b4   Code   RO         4280    i.ShowGPSData       oled_task.o
    0x080080cc   0x00000038   Code   RO         4281    i.ShowOtherEventMsg  oled_task.o
    0x08008104   0x0000006c   Code   RO         4282    i.ShowSlogan        oled_task.o
    0x08008170   0x00000090   Code   RO         4283    i.ShowTempHumity    oled_task.o
    0x08008200   0x000001c4   Code   RO         4284    i.ShowTime          oled_task.o
    0x080083c4   0x0000005c   Code   RO         4285    i.ShowTitle         oled_task.o
    0x08008420   0x00000328   Code   RO         4286    i.ShowUpDownPos     oled_task.o
    0x08008748   0x0000035c   Code   RO         4287    i.Show_Msg          oled_task.o
    0x08008aa4   0x00000018   Code   RO          501    i.SysTick_CLKSourceConfig  misc.o
    0x08008abc   0x00000020   Code   RO          367    i.SysTick_Handler   delay.o
    0x08008adc   0x00000050   Code   RO          272    i.SystemInit        system_stm32f10x.o
    0x08008b2c   0x00000180   Code   RO         4288    i.System_Init       oled_task.o
    0x08008cac   0x00000078   Code   RO         4289    i.TEMP_task         oled_task.o
    0x08008d24   0x0000006c   Code   RO         1303    i.TI1_Config        stm32f10x_tim.o
    0x08008d90   0x0000007c   Code   RO         1304    i.TI2_Config        stm32f10x_tim.o
    0x08008e0c   0x000000fc   Code   RO         5653    i.TIM2_IRQHandler   remote.o
    0x08008f08   0x00000034   Code   RO         4482    i.TIM3_IRQHandler   gettime_task.o
    0x08008f3c   0x00000040   Code   RO         4572    i.TIM4_IRQHandler   isd4004.o
    0x08008f7c   0x00000006   Code   RO         1311    i.TIM_ClearFlag     stm32f10x_tim.o
    0x08008f82   0x00000006   Code   RO         1312    i.TIM_ClearITPendingBit  stm32f10x_tim.o
    0x08008f88   0x00000014   Code   RO         1317    i.TIM_Cmd           stm32f10x_tim.o
    0x08008f9c   0x00000004   Code   RO         1333    i.TIM_GetCapture2   stm32f10x_tim.o
    0x08008fa0   0x00000018   Code   RO         1338    i.TIM_GetITStatus   stm32f10x_tim.o
    0x08008fb8   0x0000012c   Code   RO         1340    i.TIM_ICInit        stm32f10x_tim.o
    0x080090e4   0x00000010   Code   RO         1342    i.TIM_ITConfig      stm32f10x_tim.o
    0x080090f4   0x00000014   Code   RO         1353    i.TIM_OC2PolarityConfig  stm32f10x_tim.o
    0x08009108   0x00000004   Code   RO         1382    i.TIM_SetCounter    stm32f10x_tim.o
    0x0800910c   0x00000010   Code   RO         1383    i.TIM_SetIC1Prescaler  stm32f10x_tim.o
    0x0800911c   0x00000018   Code   RO         1384    i.TIM_SetIC2Prescaler  stm32f10x_tim.o
    0x08009134   0x00000010   Code   RO         1385    i.TIM_SetIC3Prescaler  stm32f10x_tim.o
    0x08009144   0x00000018   Code   RO         1386    i.TIM_SetIC4Prescaler  stm32f10x_tim.o
    0x0800915c   0x0000009c   Code   RO         1388    i.TIM_TimeBaseInit  stm32f10x_tim.o
    0x080091f8   0x000002c0   Code   RO         4290    i.Time_and_Language_Set  oled_task.o
    0x080094b8   0x0000006c   Code   RO          443    i.USART1_IRQHandler  usart.o
    0x08009524   0x000000a4   Code   RO         4727    i.USART2_IRQHandler  gps_usart2.o
    0x080095c8   0x00000014   Code   RO          851    i.USART_Cmd         stm32f10x_usart.o
    0x080095dc   0x0000003e   Code   RO          855    i.USART_GetITStatus  stm32f10x_usart.o
    0x0800961a   0x00000030   Code   RO          857    i.USART_ITConfig    stm32f10x_usart.o
    0x0800964a   0x00000002   PAD
    0x0800964c   0x000000ac   Code   RO          858    i.USART_Init        stm32f10x_usart.o
    0x080096f8   0x00000008   Code   RO          865    i.USART_ReceiveData  stm32f10x_usart.o
    0x08009700   0x00000002   Code   RO          199    i.UsageFault_Handler  stm32f10x_it.o
    0x08009702   0x00000002   PAD
    0x08009704   0x00000020   Code   RO         5954    i.__0printf         mc_w.l(printfa.o)
    0x08009724   0x00000028   Code   RO         5956    i.__0sprintf        mc_w.l(printfa.o)
    0x0800974c   0x00000028   Code   RO         6040    i.__ARM_fpclassify  m_ws.l(fpclassify.o)
    0x08009774   0x000000aa   Code   RO         6042    i.__kernel_poly     m_ws.l(poly.o)
    0x0800981e   0x00000006   Code   RO         6027    i.__mathlib_dbl_infnan  m_ws.l(dunder.o)
    0x08009824   0x00000004   Code   RO         6028    i.__mathlib_dbl_infnan2  m_ws.l(dunder.o)
    0x08009828   0x0000000c   Code   RO         6029    i.__mathlib_dbl_invalid  m_ws.l(dunder.o)
    0x08009834   0x00000010   Code   RO         6032    i.__mathlib_dbl_underflow  m_ws.l(dunder.o)
    0x08009844   0x0000000c   Code   RO         6076    i.__read_errno      mc_w.l(errno.o)
    0x08009850   0x0000000e   Code   RO         6112    i.__scatterload_copy  mc_w.l(handlers.o)
    0x0800985e   0x00000002   Code   RO         6113    i.__scatterload_null  mc_w.l(handlers.o)
    0x08009860   0x0000000e   Code   RO         6114    i.__scatterload_zeroinit  mc_w.l(handlers.o)
    0x0800986e   0x00000002   PAD
    0x08009870   0x0000000c   Code   RO         6077    i.__set_errno       mc_w.l(errno.o)
    0x0800987c   0x00000164   Code   RO         5961    i._fp_digits        mc_w.l(printfa.o)
    0x080099e0   0x0000000e   Code   RO         6099    i._is_digit         mc_w.l(scanf_fp.o)
    0x080099ee   0x00000002   PAD
    0x080099f0   0x000006dc   Code   RO         5962    i._printf_core      mc_w.l(printfa.o)
    0x0800a0cc   0x00000024   Code   RO         5963    i._printf_post_padding  mc_w.l(printfa.o)
    0x0800a0f0   0x0000002e   Code   RO         5964    i._printf_pre_padding  mc_w.l(printfa.o)
    0x0800a11e   0x0000000a   Code   RO         5966    i._sputc            mc_w.l(printfa.o)
    0x0800a128   0x0000007c   Code   RO         5135    i.accel_self_test   inv_mpu.o
    0x0800a1a4   0x00000270   Code   RO         5687    i.asin              m_ws.l(asin.o)
    0x0800a414   0x00000220   Code   RO         6017    i.atan              m_ws.l(atan.o)
    0x0800a634   0x00000180   Code   RO         5697    i.atan2             m_ws.l(atan2.o)
    0x0800a7b4   0x0000002a   Code   RO         5705    i.atof              m_ws.l(atof.o)
    0x0800a7de   0x00000002   PAD
    0x0800a7e0   0x00000060   Code   RO          368    i.delay_init        delay.o
    0x0800a840   0x00000044   Code   RO          369    i.delay_ms          delay.o
    0x0800a884   0x0000000c   Code   RO          372    i.delay_ostimedly   delay.o
    0x0800a890   0x00000044   Code   RO          373    i.delay_us          delay.o
    0x0800a8d4   0x0000003a   Code   RO         5459    i.dmp_enable_6x_lp_quat  inv_mpu_dmp_motion_driver.o
    0x0800a90e   0x00000002   PAD
    0x0800a910   0x000001dc   Code   RO         5460    i.dmp_enable_feature  inv_mpu_dmp_motion_driver.o
    0x0800aaec   0x00000038   Code   RO         5461    i.dmp_enable_gyro_cal  inv_mpu_dmp_motion_driver.o
    0x0800ab24   0x0000003a   Code   RO         5462    i.dmp_enable_lp_quat  inv_mpu_dmp_motion_driver.o
    0x0800ab5e   0x00000002   PAD
    0x0800ab60   0x00000014   Code   RO         5467    i.dmp_load_motion_driver_firmware  inv_mpu_dmp_motion_driver.o
    0x0800ab74   0x00000148   Code   RO         5468    i.dmp_read_fifo     inv_mpu_dmp_motion_driver.o
    0x0800acbc   0x000000d8   Code   RO         5471    i.dmp_set_accel_bias  inv_mpu_dmp_motion_driver.o
    0x0800ad94   0x00000064   Code   RO         5472    i.dmp_set_fifo_rate  inv_mpu_dmp_motion_driver.o
    0x0800adf8   0x000000cc   Code   RO         5473    i.dmp_set_gyro_bias  inv_mpu_dmp_motion_driver.o
    0x0800aec4   0x0000010c   Code   RO         5475    i.dmp_set_orientation  inv_mpu_dmp_motion_driver.o
    0x0800afd0   0x00000030   Code   RO         5478    i.dmp_set_shake_reject_thresh  inv_mpu_dmp_motion_driver.o
    0x0800b000   0x00000020   Code   RO         5479    i.dmp_set_shake_reject_time  inv_mpu_dmp_motion_driver.o
    0x0800b020   0x00000020   Code   RO         5480    i.dmp_set_shake_reject_timeout  inv_mpu_dmp_motion_driver.o
    0x0800b040   0x00000040   Code   RO         5481    i.dmp_set_tap_axes  inv_mpu_dmp_motion_driver.o
    0x0800b080   0x00000022   Code   RO         5482    i.dmp_set_tap_count  inv_mpu_dmp_motion_driver.o
    0x0800b0a2   0x00000002   PAD
    0x0800b0a4   0x00000128   Code   RO         5483    i.dmp_set_tap_thresh  inv_mpu_dmp_motion_driver.o
    0x0800b1cc   0x00000020   Code   RO         5484    i.dmp_set_tap_time  inv_mpu_dmp_motion_driver.o
    0x0800b1ec   0x00000020   Code   RO         5485    i.dmp_set_tap_time_multi  inv_mpu_dmp_motion_driver.o
    0x0800b20c   0x00000018   Code   RO          445    i.fputc             usart.o
    0x0800b224   0x000000a8   Code   RO         5136    i.get_accel_prod_shift  inv_mpu.o
    0x0800b2cc   0x00000314   Code   RO         5137    i.get_st_biases     inv_mpu.o
    0x0800b5e0   0x000000d8   Code   RO         5138    i.gyro_self_test    inv_mpu.o
    0x0800b6b8   0x00000022   Code   RO         5139    i.inv_orientation_matrix_to_scalar  inv_mpu.o
    0x0800b6da   0x00000048   Code   RO         5140    i.inv_row_2_scale   inv_mpu.o
    0x0800b722   0x00000002   PAD
    0x0800b724   0x000000a4   Code   RO            1    i.main              main.o
    0x0800b7c8   0x00000002   Code   RO         5141    i.mget_ms           inv_mpu.o
    0x0800b7ca   0x00000002   PAD
    0x0800b7cc   0x00000058   Code   RO         5142    i.mpu_configure_fifo  inv_mpu.o
    0x0800b824   0x0000018c   Code   RO         5143    i.mpu_dmp_get_data  inv_mpu.o
    0x0800b9b0   0x000000a4   Code   RO         5144    i.mpu_dmp_init      inv_mpu.o
    0x0800ba54   0x0000003c   Code   RO         5145    i.mpu_get_accel_fsr  inv_mpu.o
    0x0800ba90   0x00000044   Code   RO         5147    i.mpu_get_accel_sens  inv_mpu.o
    0x0800bad4   0x00000034   Code   RO         5153    i.mpu_get_gyro_fsr  inv_mpu.o
    0x0800bb08   0x00000040   Code   RO         5155    i.mpu_get_gyro_sens  inv_mpu.o
    0x0800bb48   0x00000038   Code   RO         5157    i.mpu_get_lpf       inv_mpu.o
    0x0800bb80   0x0000001c   Code   RO         5159    i.mpu_get_sample_rate  inv_mpu.o
    0x0800bb9c   0x00000188   Code   RO         5161    i.mpu_init          inv_mpu.o
    0x0800bd24   0x000000a4   Code   RO         5162    i.mpu_load_firmware  inv_mpu.o
    0x0800bdc8   0x000000b8   Code   RO         5163    i.mpu_lp_accel_mode  inv_mpu.o
    0x0800be80   0x00000090   Code   RO         5166    i.mpu_read_fifo_stream  inv_mpu.o
    0x0800bf10   0x00000054   Code   RO         5167    i.mpu_read_mem      inv_mpu.o
    0x0800bf64   0x0000015c   Code   RO         5170    i.mpu_reset_fifo    inv_mpu.o
    0x0800c0c0   0x000000f0   Code   RO         5171    i.mpu_run_self_test  inv_mpu.o
    0x0800c1b0   0x00000068   Code   RO         5173    i.mpu_set_accel_fsr  inv_mpu.o
    0x0800c218   0x000000dc   Code   RO         5174    i.mpu_set_bypass    inv_mpu.o
    0x0800c2f4   0x00000078   Code   RO         5176    i.mpu_set_dmp_state  inv_mpu.o
    0x0800c36c   0x0000006c   Code   RO         5177    i.mpu_set_gyro_fsr  inv_mpu.o
    0x0800c3d8   0x00000064   Code   RO         5178    i.mpu_set_int_latched  inv_mpu.o
    0x0800c43c   0x0000006c   Code   RO         5180    i.mpu_set_lpf       inv_mpu.o
    0x0800c4a8   0x00000078   Code   RO         5181    i.mpu_set_sample_rate  inv_mpu.o
    0x0800c520   0x000000b8   Code   RO         5182    i.mpu_set_sensors   inv_mpu.o
    0x0800c5d8   0x00000054   Code   RO         5183    i.mpu_write_mem     inv_mpu.o
    0x0800c62c   0x00000010   Code   RO         4779    i.oled_pow          oled.o
    0x0800c63c   0x00000002   Code   RO          447    i.prt               usart.o
    0x0800c63e   0x00000080   Code   RO         5184    i.run_self_test     inv_mpu.o
    0x0800c6be   0x00000002   PAD
    0x0800c6c0   0x00000054   Code   RO         5185    i.set_int_enable    inv_mpu.o
    0x0800c714   0x0000004c   Code   RO         6046    i.sqrt              m_ws.l(sqrt.o)
    0x0800c760   0x00000298   Code   RO         4037    i.start_task        start_task.o
    0x0800c9f8   0x00000090   Data   RO          299    .constdata          busposmesg.o
    0x0800ca88   0x00000480   Data   RO          300    .constdata          busposmesg.o
    0x0800cf08   0x00000060   Data   RO          301    .constdata          busposmesg.o
    0x0800cf68   0x00000050   Data   RO          302    .constdata          busposmesg.o
    0x0800cfb8   0x000000d0   Data   RO          303    .constdata          busposmesg.o
    0x0800d088   0x00000080   Data   RO          304    .constdata          busposmesg.o
    0x0800d108   0x00000060   Data   RO          305    .constdata          busposmesg.o
    0x0800d168   0x000000c0   Data   RO          306    .constdata          busposmesg.o
    0x0800d228   0x00000080   Data   RO          307    .constdata          busposmesg.o
    0x0800d2a8   0x00000080   Data   RO          308    .constdata          busposmesg.o
    0x0800d328   0x00000080   Data   RO          309    .constdata          busposmesg.o
    0x0800d3a8   0x00000060   Data   RO          310    .constdata          busposmesg.o
    0x0800d408   0x00000060   Data   RO          311    .constdata          busposmesg.o
    0x0800d468   0x00000060   Data   RO          312    .constdata          busposmesg.o
    0x0800d4c8   0x00000100   Data   RO          313    .constdata          busposmesg.o
    0x0800d5c8   0x00000100   Data   RO          314    .constdata          busposmesg.o
    0x0800d6c8   0x00000040   Data   RO          315    .constdata          busposmesg.o
    0x0800d708   0x00000060   Data   RO          316    .constdata          busposmesg.o
    0x0800d768   0x000000a0   Data   RO          318    .constdata          busposmesg.o
    0x0800d808   0x00000040   Data   RO          319    .constdata          busposmesg.o
    0x0800d848   0x00000040   Data   RO          320    .constdata          busposmesg.o
    0x0800d888   0x00000080   Data   RO          321    .constdata          busposmesg.o
    0x0800d908   0x00000080   Data   RO          322    .constdata          busposmesg.o
    0x0800d988   0x00000100   Data   RO          323    .constdata          busposmesg.o
    0x0800da88   0x000000c0   Data   RO          324    .constdata          busposmesg.o
    0x0800db48   0x000000a0   Data   RO          325    .constdata          busposmesg.o
    0x0800dbe8   0x00000040   Data   RO          326    .constdata          busposmesg.o
    0x0800dc28   0x00000060   Data   RO          327    .constdata          busposmesg.o
    0x0800dc88   0x00000040   Data   RO          328    .constdata          busposmesg.o
    0x0800dcc8   0x00000040   Data   RO          329    .constdata          busposmesg.o
    0x0800dd08   0x00000040   Data   RO          330    .constdata          busposmesg.o
    0x0800dd48   0x000000a0   Data   RO          331    .constdata          busposmesg.o
    0x0800dde8   0x00000040   Data   RO          332    .constdata          busposmesg.o
    0x0800de28   0x00000040   Data   RO          333    .constdata          busposmesg.o
    0x0800de68   0x00000094   Data   RO         2720    .constdata          os_cfg_app.o
    0x0800defc   0x00000020   Data   RO         4294    .constdata          oled_task.o
    0x0800df1c   0x00000018   Data   RO         4485    .constdata          gettime_task.o
    0x0800df34   0x000005f0   Data   RO         4781    .constdata          oled.o
    0x0800e524   0x0000001b   Data   RO         5187    .constdata          inv_mpu.o
    0x0800e53f   0x00000001   PAD
    0x0800e540   0x0000000c   Data   RO         5188    .constdata          inv_mpu.o
    0x0800e54c   0x00000028   Data   RO         5189    .constdata          inv_mpu.o
    0x0800e574   0x00000bf6   Data   RO         5487    .constdata          inv_mpu_dmp_motion_driver.o
    0x0800f16a   0x00000006   PAD
    0x0800f170   0x00000050   Data   RO         5688    .constdata          m_ws.l(asin.o)
    0x0800f1c0   0x00000098   Data   RO         6018    .constdata          m_ws.l(atan.o)
    0x0800f258   0x00000008   Data   RO         6044    .constdata          m_ws.l(qnan.o)
    0x0800f260   0x00000040   Data   RO         6106    .constdata          mc_w.l(ctype_c.o)
    0x0800f2a0   0x0000004d   Data   RO         5190    .conststring        inv_mpu.o
    0x0800f2ed   0x00000003   PAD
    0x0800f2f0   0x00000020   Data   RO         6110    Region$$Table       anon$$obj.o


    Execution Region RW_IRAM1 (Base: 0x20000000, Size: 0x00004398, Max: 0x00005000, ABSOLUTE, COMPRESSED[0x00000038])

    Base Addr    Size         Type   Attr      Idx    E Section Name        Object

    0x20000000   0x00000014   Data   RW          273    .data               system_stm32f10x.o
    0x20000014   0x00000004   Data   RW          374    .data               delay.o
    0x20000018   0x00000004   Data   RW          450    .data               usart.o
    0x2000001c   0x00000004   Data   RW          451    .data               usart.o
    0x20000020   0x00000014   Data   RW          679    .data               stm32f10x_rcc.o
    0x20000034   0x00000004   Data   RW         2147    .data               cpu_core.o
    0x20000038   0x00000008   Data   RW         3256    .data               os_prio.o
    0x20000040   0x00000004   Data   RW         3818    .data               os_var.o
    0x20000044   0x00000004   Data   RW         3819    .data               os_var.o
    0x20000048   0x00000004   Data   RW         3820    .data               os_var.o
    0x2000004c   0x00000004   Data   RW         3821    .data               os_var.o
    0x20000050   0x00000004   Data   RW         3822    .data               os_var.o
    0x20000054   0x00000004   Data   RW         3823    .data               os_var.o
    0x20000058   0x00000004   Data   RW         3824    .data               os_var.o
    0x2000005c   0x00000004   Data   RW         3825    .data               os_var.o
    0x20000060   0x00000001   Data   RW         3826    .data               os_var.o
    0x20000061   0x00000001   Data   RW         3827    .data               os_var.o
    0x20000062   0x00000002   PAD
    0x20000064   0x00000004   Data   RW         3828    .data               os_var.o
    0x20000068   0x00000004   Data   RW         3829    .data               os_var.o
    0x2000006c   0x00000002   Data   RW         3830    .data               os_var.o
    0x2000006e   0x00000002   Data   RW         3831    .data               os_var.o
    0x20000070   0x00000002   Data   RW         3832    .data               os_var.o
    0x20000072   0x00000002   PAD
    0x20000074   0x00000004   Data   RW         3833    .data               os_var.o
    0x20000078   0x00000004   Data   RW         3834    .data               os_var.o
    0x2000007c   0x00000002   Data   RW         3835    .data               os_var.o
    0x2000007e   0x00000002   PAD
    0x20000080   0x00000004   Data   RW         3836    .data               os_var.o
    0x20000084   0x00000002   Data   RW         3837    .data               os_var.o
    0x20000086   0x00000002   PAD
    0x20000088   0x00000004   Data   RW         3838    .data               os_var.o
    0x2000008c   0x00000002   Data   RW         3839    .data               os_var.o
    0x2000008e   0x00000001   Data   RW         3840    .data               os_var.o
    0x2000008f   0x00000001   Data   RW         3841    .data               os_var.o
    0x20000090   0x00000001   Data   RW         3842    .data               os_var.o
    0x20000091   0x00000003   PAD
    0x20000094   0x00000004   Data   RW         3843    .data               os_var.o
    0x20000098   0x00000002   Data   RW         3844    .data               os_var.o
    0x2000009a   0x00000002   PAD
    0x2000009c   0x00000004   Data   RW         3845    .data               os_var.o
    0x200000a0   0x00000004   Data   RW         3846    .data               os_var.o
    0x200000a4   0x00000004   Data   RW         3847    .data               os_var.o
    0x200000a8   0x00000001   Data   RW         3848    .data               os_var.o
    0x200000a9   0x00000003   PAD
    0x200000ac   0x00000004   Data   RW         3849    .data               os_var.o
    0x200000b0   0x00000001   Data   RW         3850    .data               os_var.o
    0x200000b1   0x00000003   PAD
    0x200000b4   0x00000004   Data   RW         3851    .data               os_var.o
    0x200000b8   0x00000002   Data   RW         3852    .data               os_var.o
    0x200000ba   0x00000001   Data   RW         3853    .data               os_var.o
    0x200000bb   0x00000001   PAD
    0x200000bc   0x00000002   Data   RW         3854    .data               os_var.o
    0x200000be   0x00000002   Data   RW         3855    .data               os_var.o
    0x200000c0   0x00000004   Data   RW         3856    .data               os_var.o
    0x200000c4   0x00000004   Data   RW         3857    .data               os_var.o
    0x200000c8   0x00000004   Data   RW         3858    .data               os_var.o
    0x200000cc   0x00000001   Data   RW         3859    .data               os_var.o
    0x200000cd   0x00000003   PAD
    0x200000d0   0x00000004   Data   RW         3860    .data               os_var.o
    0x200000d4   0x00000004   Data   RW         3861    .data               os_var.o
    0x200000d8   0x00000004   Data   RW         3862    .data               os_var.o
    0x200000dc   0x00000002   Data   RW         3863    .data               os_var.o
    0x200000de   0x00000001   Data   RW         3864    .data               os_var.o
    0x200000df   0x00000001   PAD
    0x200000e0   0x00000004   Data   RW         3865    .data               os_var.o
    0x200000e4   0x00000004   Data   RW         3866    .data               os_var.o
    0x200000e8   0x00000004   Data   RW         3867    .data               os_var.o
    0x200000ec   0x00000004   Data   RW         3869    .data               os_var.o
    0x200000f0   0x00000004   Data   RW         3870    .data               os_var.o
    0x200000f4   0x00000004   Data   RW         3871    .data               os_var.o
    0x200000f8   0x00000004   Data   RW         3872    .data               os_var.o
    0x200000fc   0x00000004   Data   RW         3873    .data               os_var.o
    0x20000100   0x00000004   Data   RW         3874    .data               os_var.o
    0x20000104   0x00000004   Data   RW         3901    .data               os_cpu_c.o
    0x20000108   0x00000001   Data   RW         4103    .data               key_task.o
    0x20000109   0x0000000a   Data   RW         4170    .data               dht11_task.o
    0x20000113   0x00000006   Data   RW         4295    .data               oled_task.o
    0x20000119   0x00000001   Data   RW         4447    .data               other_task.o
    0x2000011a   0x00000002   PAD
    0x2000011c   0x00000010   Data   RW         4486    .data               gettime_task.o
    0x2000012c   0x00000008   Data   RW         4576    .data               isd4004.o
    0x20000134   0x00000004   Data   RW         4660    .data               key.o
    0x20000138   0x00000008   Data   RW         4683    .data               gps.o
    0x20000140   0x00000004   Data   RW         4729    .data               gps_usart2.o
    0x20000144   0x00000035   Data   RW         5191    .data               inv_mpu.o
    0x20000179   0x00000003   PAD
    0x2000017c   0x0000000c   Data   RW         5654    .data               remote.o
    0x20000188   0x00000004   Data   RW         6078    .data               mc_w.l(errno.o)
    0x2000018c   0x000000f0   Zero   RW          449    .bss                usart.o
    0x2000027c   0x00000010   Zero   RW         2144    .bss                cpu_core.o
    0x2000028c   0x00000200   Zero   RW         2710    .bss                os_cfg_app.o
    0x2000048c   0x00000140   Zero   RW         2711    .bss                os_cfg_app.o
    0x200005cc   0x00000200   Zero   RW         2712    .bss                os_cfg_app.o
    0x200007cc   0x00000200   Zero   RW         2713    .bss                os_cfg_app.o
    0x200009cc   0x00000640   Zero   RW         2714    .bss                os_cfg_app.o
    0x2000100c   0x00000200   Zero   RW         2715    .bss                os_cfg_app.o
    0x2000120c   0x00000200   Zero   RW         2716    .bss                os_cfg_app.o
    0x2000140c   0x00000088   Zero   RW         2717    .bss                os_cfg_app.o
    0x20001494   0x00000200   Zero   RW         2718    .bss                os_cfg_app.o
    0x20001694   0x00000088   Zero   RW         2719    .bss                os_cfg_app.o
    0x2000171c   0x000000c4   Zero   RW         3811    .bss                os_var.o
    0x200017e0   0x000000c4   Zero   RW         3812    .bss                os_var.o
    0x200018a4   0x0000000c   Zero   RW         3813    .bss                os_var.o
    0x200018b0   0x00000300   Zero   RW         3814    .bss                os_var.o
    0x20001bb0   0x000000c4   Zero   RW         3815    .bss                os_var.o
    0x20001c74   0x000000c4   Zero   RW         3816    .bss                os_var.o
    0x20001d38   0x000000c4   Zero   RW         3817    .bss                os_var.o
    0x20001dfc   0x00000118   Zero   RW         4038    .bss                start_task.o
    0x20001f14   0x000000c4   Zero   RW         4039    .bss                start_task.o
    0x20001fd8   0x00000800   Zero   RW         4040    .bss                start_task.o
    0x200027d8   0x000002c4   Zero   RW         4102    .bss                key_task.o
    0x20002a9c   0x000000c4   Zero   RW         4139    .bss                isd4004_task.o
    0x20002b60   0x00000200   Zero   RW         4140    .bss                isd4004_task.o
    0x20002d60   0x000000c4   Zero   RW         4188    .bss                gps_task.o
    0x20002e24   0x00000200   Zero   RW         4189    .bss                gps_task.o
    0x20003024   0x0000000c   Zero   RW         4231    .bss                mpu6050_task.o
    0x20003030   0x000000c4   Zero   RW         4232    .bss                mpu6050_task.o
    0x200030f4   0x00000200   Zero   RW         4233    .bss                mpu6050_task.o
    0x200032f4   0x00000014   Zero   RW         4291    .bss                oled_task.o
    0x20003308   0x000000c4   Zero   RW         4292    .bss                oled_task.o
    0x200033cc   0x00000400   Zero   RW         4293    .bss                oled_task.o
    0x200037cc   0x000002c4   Zero   RW         4446    .bss                other_task.o
    0x20003a90   0x000000c4   Zero   RW         4483    .bss                gettime_task.o
    0x20003b54   0x00000200   Zero   RW         4484    .bss                gettime_task.o
    0x20003d54   0x000000c4   Zero   RW         4529    .bss                gps_datadeal_task.o
    0x20003e18   0x0000000c   Zero   RW         4573    .bss                isd4004.o
    0x20003e24   0x00000062   Zero   RW         4682    .bss                gps.o
    0x20003e86   0x000000ff   Zero   RW         4728    .bss                gps_usart2.o
    0x20003f85   0x00000003   PAD
    0x20003f88   0x00000010   Zero   RW         5486    .bss                inv_mpu_dmp_motion_driver.o
    0x20003f98   0x00000400   Zero   RW          360    STACK               startup_stm32f10x_md.o


==============================================================================

Image component sizes


      Code (inc. data)   RO Data    RW Data    ZI Data      Debug   Object Name

        76         16          0          0          0       2018   bsp.o
         0          0       5232          0          0       2205   busposmesg.o
         0          0          0          0          0         32   core_cm3.o
        52          0          0          0          0        316   cpu_a.o
        68         16          0          4         16      11166   cpu_core.o
       276         42          0          4          0       3321   delay.o
         0          0          0         10          0        848   dht11_task.o
       992        138         24         16        708       5223   gettime_task.o
      1574        210          0          8         98       4949   gps.o
         0          0          0          0        196        780   gps_datadeal_task.o
       340         78          0          0        708       1397   gps_task.o
       356         40          0          4        255       2089   gps_usart2.o
      5296        284        156         53          0      28158   inv_mpu.o
      2354        116       3062          0         16      18718   inv_mpu_dmp_motion_driver.o
       756        122          0          8         12       6663   isd4004.o
      1048         78          0          0        708       2622   isd4004_task.o
       196         20          0          4          0       1130   key.o
       592        100          0          1        708       2609   key_task.o
        56          6          0          0          0        479   led.o
        70          0          0          0          0       1480   lib_mem.o
       164         32          0          0          0     291495   main.o
       144         16          0          0          0       1873   misc.o
       810         30          0          0          0       7738   mpu6050.o
       372         50          0          0        720       2222   mpu6050_task.o
       596         64          0          0          0       4930   mpuiic.o
      1274         50       1520          0          0       9627   oled.o
      9920       2132         32          6       1240      17502   oled_task.o
         2          0        148          0       5264      20798   os_cfg_app.o
      2440        430          0          0          0      18723   os_core.o
       152         32          0          0          0        372   os_cpu_a.o
       332         58          0          4          0       6228   os_cpu_c.o
         2          0          0          0          0        450   os_dbg.o
      1268         84          0          0          0       6088   os_flag.o
       864        204          0          0          0       3042   os_int.o
        24         10          0          0          0        793   os_mem.o
       318         22          0          0          0       3208   os_msg.o
        24         10          0          0          0        881   os_mutex.o
       124         18          0          8          0       2550   os_prio.o
       228         18          0          0          0       1808   os_q.o
       788         68          0          0          0       4495   os_sem.o
       932        182          0          0          0       2730   os_stat.o
      2380        214          0          0          0       9821   os_task.o
       890        126          0          0          0       4905   os_tick.o
       560         42          0          0          0       2557   os_time.o
       700        134          0          0          0       3660   os_tmr.o
         0          0          0        172       1760      19329   os_var.o
       472         76          0          1        708       1919   other_task.o
       724         24          0         12          0       3555   remote.o
       664        278          0          0       2524       1761   start_task.o
        36          8        236          0       1024        764   startup_stm32f10x_md.o
       160          0          0          0          0       2203   stm32f10x_gpio.o
        14          0          0          0          0       2735   stm32f10x_it.o
        68         30          0          0          0       2306   stm32f10x_iwdg.o
       196         28          0         20          0       4262   stm32f10x_rcc.o
       868        106          0          0          0       9917   stm32f10x_tim.o
       310          6          0          0          0       4490   stm32f10x_usart.o
       248         24          0         20          0       1649   system_stm32f10x.o
       134         20          0          8        240       3314   usart.o
        40          0          0          0          0        840   wdg.o

    ----------------------------------------------------------------------
     43388       5892      10452        392      16908     583743   Object Totals
         0          0         32          0          0          0   (incl. Generated)
        44          0         10         29          3          0   (incl. Padding)

    ----------------------------------------------------------------------

      Code (inc. data)   RO Data    RW Data    ZI Data      Debug   Library Member Name

       624         52         80          0          0        168   asin.o
       544         70        152          0          0        124   atan.o
       384         38          0          0          0        144   atan2.o
        42          0          0          0          0         84   atof.o
        38          6          0          0          0        272   dunder.o
        40          0          0          0          0         68   fpclassify.o
       170          0          0          0          0         96   poly.o
         0          0          8          0          0          0   qnan.o
        76          0          0          0          0         84   sqrt.o
        86          0          0          0          0          0   __dczerorl2.o
        64          0          0          0          0         84   _sgetc.o
        40          6         64          0          0         68   ctype_c.o
         0          0          0          0          0          0   entry.o
         0          0          0          0          0          0   entry10a.o
         0          0          0          0          0          0   entry11a.o
         8          4          0          0          0          0   entry2.o
         4          0          0          0          0          0   entry5.o
         0          0          0          0          0          0   entry7b.o
         0          0          0          0          0          0   entry8b.o
         8          4          0          0          0          0   entry9a.o
        24         12          0          4          0        136   errno.o
        30          0          0          0          0          0   handlers.o
        36          8          0          0          0         68   init.o
        10          0          0          0          0         68   isspace_c.o
         0          0          0          0          0          0   iusefp.o
        98          0          0          0          0         84   ldiv.o
        30          0          0          0          0         68   llshl.o
        36          0          0          0          0         68   llsshr.o
        32          0          0          0          0         68   llushr.o
        26          0          0          0          0         80   memcmp.o
        36          0          0          0          0        108   memseta.o
      2276         96          0          0          0        596   printfa.o
       838         12          0          0          0        216   scanf_fp.o
        18          0          0          0          0         68   strcpy.o
       156         14          0          0          0        120   strtod.o
        44          0          0          0          0         80   uidiv.o
        98          0          0          0          0         92   uldiv.o
        48          0          0          0          0         68   cdcmple.o
        48          0          0          0          0         68   cdrcmple.o
        20          0          0          0          0         68   cfcmple.o
        56          0          0          0          0         88   d2f.o
       334          0          0          0          0        148   dadd.o
       222          0          0          0          0        100   ddiv.o
       186          0          0          0          0        176   depilogue.o
        48          0          0          0          0         68   dfixul.o
        34          0          0          0          0         76   dflti.o
        24          0          0          0          0         76   dfltul.o
       228          0          0          0          0         96   dmul.o
        46          0          0          0          0         80   dscalb.o
       162          0          0          0          0        100   dsqrt.o
        38          0          0          0          0         68   f2d.o
       176          0          0          0          0        140   fadd.o
       124          0          0          0          0         88   fdiv.o
       110          0          0          0          0        168   fepilogue.o
        50          0          0          0          0         68   ffixi.o
        40          0          0          0          0         68   ffixui.o
        18          0          0          0          0         68   fflti.o
        10          0          0          0          0         68   ffltui.o
       100          0          0          0          0         76   fmul.o
        24          0          0          0          0         68   fscalb.o

    ----------------------------------------------------------------------
      8080        322        304          4          0       5204   Library Totals
        18          0          0          0          0          0   (incl. Padding)

    ----------------------------------------------------------------------

      Code (inc. data)   RO Data    RW Data    ZI Data      Debug   Library Name

      1918        166        240          0          0       1040   m_ws.l
      3998        156         64          4          0       2072   mc_w.l
      2146          0          0          0          0       2092   mf_w.l

    ----------------------------------------------------------------------
      8080        322        304          4          0       5204   Library Totals

    ----------------------------------------------------------------------

==============================================================================


      Code (inc. data)   RO Data    RW Data    ZI Data      Debug   

     51468       6214      10756        396      16908     569835   Grand Totals
     51468       6214      10756         56      16908     569835   ELF Image Totals (compressed)
     51468       6214      10756         56          0          0   ROM Totals

==============================================================================

    Total RO  Size (Code + RO Data)                62224 (  60.77kB)
    Total RW  Size (RW Data + ZI Data)             17304 (  16.90kB)
    Total ROM Size (Code + RO Data + RW Data)      62280 (  60.82kB)

==============================================================================

