<html>
<body>
<pre>
<h1>礦ision Build Log</h1>
<h2>Tool Versions:</h2>
IDE-Version: μVision V5.14.0.0
Copyright (C) 2015 ARM Ltd and ARM Germany GmbH. All rights reserved.
License Information: 123 Administrator, 123, LIC=W962Z-JBKU9-ZCBJY-IJ4L7-49UM3-3GGM6
 
Tool Versions:
Toolchain:       MDK-ARM Professional  Version: 5.14.0.0
Toolchain Path:  C:\Keil_v5\ARM\ARMCC\Bin
C Compiler:      Armcc.exe V5.05 update 1 (build 106)
Assembler:       Armasm.exe V5.05 update 1 (build 106)
Linker/Locator:  ArmLink.exe V5.05 update 1 (build 106)
Library Manager: ArmAr.exe V5.05 update 1 (build 106)
Hex Converter:   FromElf.exe V5.05 update 1 (build 106)
CPU DLL:         SARMCM3.DLL V5.14.0.0
Dialog DLL:      DCM.DLL V1.13.1.0
Target DLL:      STLink\ST-LINKIII-KEIL_SWO.dll V2.0.14.0_KEIL
Dialog DLL:      TCM.DLL V1.14.4.0
 
<h2>Project:</h2>
F:\公交语音播报系统工程源码\USER\BVBS_Project.uvprojx
Project File Date:  05/30/2019

<h2>Output:</h2>
Build target 'BVBS'
compiling main.c...
compiling stm32f10x_it.c...
compiling system_stm32f10x.c...
compiling busposmesg.c...
busposmesg.c(464): warning:  #1-D: last line of file ends without a newline
  };
busposmesg.c: 1 warning, 0 errors
compiling core_cm3.c...
assembling startup_stm32f10x_md.s...
compiling delay.c...
compiling sys.c...
compiling usart.c...
compiling misc.c...
compiling stm32f10x_gpio.c...
compiling stm32f10x_rcc.c...
compiling stm32f10x_usart.c...
compiling stm32f10x_exti.c...
compiling stm32f10x_adc.c...
compiling stm32f10x_tim.c...
compiling stm32f10x_spi.c...
compiling stm32f10x_dma.c...
compiling stm32f10x_iwdg.c...
compiling bsp.c...
compiling cpu_core.c...
compiling cpu_c.c...
assembling cpu_a.asm...
compiling lib_ascii.c...
compiling lib_math.c...
compiling lib_mem.c...
compiling lib_str.c...
assembling lib_mem_a.asm...
compiling os_cfg_app.c...
compiling os_core.c...
compiling os_dbg.c...
compiling os_flag.c...
compiling os_int.c...
compiling os_mem.c...
compiling os_msg.c...
compiling os_mutex.c...
compiling os_pend_multi.c...
compiling os_prio.c...
compiling os_q.c...
compiling os_sem.c...
compiling os_stat.c...
compiling os_task.c...
compiling os_tick.c...
compiling os_time.c...
compiling os_tmr.c...
compiling os_var.c...
assembling os_cpu_a.s...
compiling os_cpu_c.c...
compiling os_app_hooks.c...
compiling start_task.c...
..\UCOSIII_TASK\task_config.h(31): warning:  #1-D: last line of file ends without a newline
  #endif
..\UCOSIII_TASK\ISD4004_recordtask.h(26): warning:  #47-D: incompatible redefinition of macro "POS_NUM" (declared at line 13 of "..\UCOSIII_TASK\key_task.h")
  #define POS_NUM 10
..\UCOSIII_TASK\OLED_task.h(61): warning:  #1-D: last line of file ends without a newline
  #endif
..\UCOSIII_TASK\start_task.c: 3 warnings, 0 errors
compiling key_task.c...
compiling ISD4004_task.c...
..\UCOSIII_TASK\task_config.h(31): warning:  #1-D: last line of file ends without a newline
  #endif
..\UCOSIII_TASK\ISD4004_task.c: 1 warning, 0 errors
compiling DHT11_task.c...
..\UCOSIII_TASK\DHT11_task.c(35): warning:  #177-D: variable "ret" was declared but never referenced
        u8 ret;
..\UCOSIII_TASK\DHT11_task.c: 1 warning, 0 errors
compiling GPS_task.c...
compiling ISD4004_recordtask.c...
..\USER\busposmesg.h(14): warning:  #47-D: incompatible redefinition of macro "POS_NUM" (declared at line 26 of "..\UCOSIII_TASK\ISD4004_recordtask.h")
  #define POS_NUM 9              //站点数量
..\UCOSIII_TASK\task_config.h(31): warning:  #1-D: last line of file ends without a newline
  #endif
..\UCOSIII_TASK\ISD4004_recordtask.c: 2 warnings, 0 errors
compiling MPU6050_task.c...
..\UCOSIII_TASK\oled_task.h(61): warning:  #1-D: last line of file ends without a newline
  #endif
..\UCOSIII_TASK\MPU6050_task.c(39): warning:  #550-D: variable "temp" was set but never used
        short  temp;
..\UCOSIII_TASK\MPU6050_task.c: 2 warnings, 0 errors
compiling OLED_task.c...
..\UCOSIII_TASK\OLED_task.h(61): warning:  #1-D: last line of file ends without a newline
  #endif
..\UCOSIII_TASK\task_config.h(31): warning:  #1-D: last line of file ends without a newline
  #endif
..\UCOSIII_TASK\OLED_task.c(977): warning:  #177-D: variable "err" was declared but never referenced
        OS_ERR err; 
..\UCOSIII_TASK\OLED_task.c(1198): warning:  #177-D: variable "cpu_sr" was declared but never referenced
        CPU_SR_ALLOC();
..\UCOSIII_TASK\OLED_task.c(1772): warning:  #1-D: last line of file ends without a newline
  }
..\UCOSIII_TASK\OLED_task.c: 5 warnings, 0 errors
compiling other_task.c...
..\UCOSIII_TASK\oled_task.h(61): warning:  #1-D: last line of file ends without a newline
  #endif
..\UCOSIII_TASK\other_task.c(104): warning:  #1-D: last line of file ends without a newline
  }
..\UCOSIII_TASK\other_task.c: 2 warnings, 0 errors
compiling gettime_task.c...
..\UCOSIII_TASK\gettime_task.c(236): warning:  #1-D: last line of file ends without a newline
        
..\UCOSIII_TASK\gettime_task.c: 1 warning, 0 errors
compiling GPS_datadeal_task.c...
..\UCOSIII_TASK\oled_task.h(61): warning:  #1-D: last line of file ends without a newline
  #endif
..\UCOSIII_TASK\GPS_datadeal_task.c: 1 warning, 0 errors
compiling led.c...
..\HARDWARE\LED\led.c(190): warning:  #1-D: last line of file ends without a newline
  #endif
..\HARDWARE\LED\led.c: 1 warning, 0 errors
compiling ISD4004.c...
..\UCOSIII_TASK\task_config.h(31): warning:  #1-D: last line of file ends without a newline
  #endif
..\HARDWARE\ISD4004\ISD4004.c: 1 warning, 0 errors
compiling key.c...
..\HARDWARE\KEY\key.c(94): warning:  #1-D: last line of file ends without a newline
  #endif
..\HARDWARE\KEY\key.c: 1 warning, 0 errors
compiling gps.c...
compiling gps_usart2.c...
compiling oled.c...
..\HARDWARE\OLED\oled.c(680): warning:  #1-D: last line of file ends without a newline
  }
..\HARDWARE\OLED\oled.c(18): warning:  #177-D: variable "err" was declared but never referenced
  static OS_ERR err;
..\HARDWARE\OLED\oled.c: 2 warnings, 0 errors
compiling dht11.c...
compiling mpu6050.c...
compiling mpuiic.c...
compiling inv_mpu.c...
compiling inv_mpu_dmp_motion_driver.c...
compiling wdg.c...
compiling remote.c...
linking...
Program Size: Code=51468 RO-data=10756 RW-data=396 ZI-data=16908  
FromELF: creating hex file...
".\Objects\BVBS_Project.axf" - 0 Error(s), 24 Warning(s).

<h2>Collection of Component include folders:</h2>
  F:\公交语音播报系统工程源码\USER\RTE
  C:\Keil_v5\ARM\PACK\Keil\STM32F1xx_DFP\1.0.5\Device\Include

<h2>Collection of Component Files used:</h2>
</pre>
</body>
</html>
